[     0.0s] loading cc_v3.domain_char8_expanded (domain + 8 axes) ...
[    17.2s] char8 originals 2,648,406
[    19.2s] [pc1] rigour=+0.44, depth=+0.40, originality=+0.23, candour=+0.39, affect=-0.35, commercial_drive=-0.26, stance=+0.37, register=-0.34
[    25.7s] distinct candidate suffixes 2,836,458
[    25.7s] streaming vertices.txt.gz ...
[    81.2s]   vertices 20,000,000
[   133.8s]   vertices 40,000,000
[   185.4s]   vertices 60,000,000
[   241.1s]   vertices 80,000,000
[   299.6s]   vertices 100,000,000
[   356.9s] vertices 118,760,321, maxid 118,760,320; candidate PLDs found: 1,946,676; seeded 36,325,343
[   364.6s] scored PLD vertices S=1,733,525; ccTLD-seeded 610,108; targets 1,123,417
[   364.6s] streaming edges.txt.gz -> scored adjacency ...
[   453.1s]   edges 200,000,000  kept 45,117,573
[   537.1s]   edges 400,000,000  kept 71,968,060
[   620.3s]   edges 600,000,000  kept 92,727,369
[   702.6s]   edges 800,000,000  kept 100,815,264
[   782.9s]   edges 1,000,000,000  kept 108,883,880
[   864.4s]   edges 1,200,000,000  kept 131,989,793
[   946.4s]   edges 1,400,000,000  kept 158,508,104
[  1028.9s]   edges 1,600,000,000  kept 186,350,894
[  1109.5s]   edges 1,800,000,000  kept 211,473,525
[  1191.6s]   edges 2,000,000,000  kept 232,853,765
[  1274.3s]   edges 2,200,000,000  kept 259,907,856
[  1357.4s]   edges 2,400,000,000  kept 287,357,988
[  1441.5s]   edges 2,600,000,000  kept 312,392,980
[  1534.8s]   edges 2,800,000,000  kept 332,876,872
[  1628.2s]   edges 3,000,000,000  kept 355,143,185
[  1722.9s]   edges 3,200,000,000  kept 372,654,269
[  1819.9s]   edges 3,400,000,000  kept 395,505,428
[  1915.6s]   edges 3,600,000,000  kept 417,703,100
[  2011.2s]   edges 3,800,000,000  kept 480,292,179
[  2107.9s]   edges 4,000,000,000  kept 539,391,099
[  2207.3s]   edges 4,200,000,000  kept 590,334,497
[  2282.5s] adjacency endpoints 631,577,545 (2.5+2.5GB)
[  2282.5s] propagation up to 10 rounds ...
[  2321.3s]   round 1: changed 946,647  resolved 1,556,755/1,733,525
[  2343.7s]   round 2: changed 515,174  resolved 1,723,990/1,733,525
[  2361.9s]   round 3: changed 148,853  resolved 1,724,500/1,733,525
[  2379.8s]   round 4: changed 116,837  resolved 1,724,524/1,733,525
[  2397.4s]   round 5: changed 59,943  resolved 1,724,529/1,733,525
[  2415.6s]   round 6: changed 41,893  resolved 1,724,529/1,733,525
[  2433.9s]   round 7: changed 30,438  resolved 1,724,529/1,733,525
[  2452.0s]   round 8: changed 18,563  resolved 1,724,529/1,733,525
[  2470.9s]   round 9: changed 15,904  resolved 1,724,529/1,733,525
[  2488.4s]   round 10: changed 13,470  resolved 1,724,529/1,733,525
[  2488.4s] building neighbour-country histogram per scored PLD ...
[  2512.4s] PLDs with >=1 resolved neighbour: 1,723,330
[  2513.1s] assigning PLD embedding to char8 originals ...
[  2515.3s] originals with ccTLD origin + >= 5 resolved neighbours: 1,185,191
[  2515.5s] saved embedding -> /home/jason/diaspora_gradient_out/diaspora_embedding.npz
[  2515.5s] discovering corridors ...
[  2515.7s] top raw corridors (origin->host, n diaspora domains):
[  2515.7s]    IT -> DE : 13793
[  2515.7s]    FR -> DE : 8851
[  2515.7s]    ES -> DE : 5546
[  2515.7s]    NL -> DE : 5244
[  2515.7s]    IN -> DE : 4527
[  2515.7s]    CH -> DE : 3995
[  2515.7s]    GB -> US : 3958
[  2515.7s]    AT -> DE : 3951
[  2515.7s]    BE -> DE : 3710
[  2515.7s]    CA -> DE : 3667
[  2515.7s]    PL -> DE : 3051
[  2515.7s]    CZ -> DE : 2903
[  2515.7s]    MY -> DE : 2653
[  2515.7s]    RO -> DE : 2362
[  2515.7s]    SE -> DE : 2278
[  2515.7s]    SK -> DE : 2275
[  2515.7s]    GR -> DE : 2042
[  2515.7s]    CA -> US : 1763
[  2515.7s]    CL -> DE : 1571
[  2515.7s]    DK -> DE : 1501
[  2515.7s]    CN -> US : 1485
[  2515.7s]    RU -> DE : 1469
[  2515.7s]    PL -> RU : 1434
[  2515.7s]    PT -> DE : 1330
[  2515.7s]    HU -> DE : 1329
[  2515.7s]    NO -> DE : 1246
[  2515.7s]    HK -> CN : 1233
[  2515.7s]    FI -> DE : 1155
[  2515.7s]    US -> DE : 1099
[  2515.7s]    IN -> US : 1047
[  2522.4s]   [corridor] IT->DE alpha=0.16 ci=[0.024354136688634755, 0.29725380837917315] resid=2.58 nD=13793 grad_r=-0.05126431901220153
[  2529.9s]   [corridor] FR->DE alpha=0.15 ci=[-0.00461162626743316, 0.34624637961387633] resid=2.98 nD=8851 grad_r=-0.05984808423702697
[  2534.2s]   [corridor] ES->DE alpha=2.13 ci=[2.0302972912788393, 2.2309534430503843] resid=1.55 nD=5546 grad_r=0.03126891427606812
[  2539.3s]   [corridor] NL->DE alpha=-0.40 ci=[-0.4702815286815166, -0.32756064310669897] resid=0.48 nD=5244 grad_r=-0.108682622465236
[  2544.1s]   [corridor] IN->DE alpha=0.56 ci=[0.48898931294679643, 0.6217534944415093] resid=0.76 nD=4527 grad_r=-0.05626835204530275
[  2548.6s]   [corridor] CH->DE alpha=-0.83 ci=[-1.3978647261857986, -0.11617750525474596] resid=3.77 nD=3995 grad_r=-0.04432172324391817
[  2563.8s]   [corridor] GB->US alpha=0.59 ci=[0.5632556900382042, 0.6200525343418122] resid=0.20 nD=3958 grad_r=-0.03818372335888287
[  2568.5s]   [corridor] AT->DE alpha=-1.31 ci=[-1.6952216893434524, -0.9775476500391961] resid=1.87 nD=3951 grad_r=-0.03472596250604277
[  2572.7s]   [corridor] BE->DE alpha=-0.65 ci=[-0.767559839785099, -0.5261395230889321] resid=1.00 nD=3710 grad_r=-0.047047722199471106
[  2577.1s]   [corridor] CA->DE alpha=0.03 ci=[-0.34529284983873365, 0.4636865586042403] resid=3.42 nD=3667 grad_r=-0.023003513724089823
[  2581.5s]   [corridor] PL->DE alpha=0.34 ci=[0.2757873721420765, 0.4226148106157779] resid=1.11 nD=3051 grad_r=0.04068686651969978
[  2586.6s]   [corridor] CZ->DE alpha=-0.17 ci=[-0.21656900979578494, -0.1307747393846512] resid=0.48 nD=2903 grad_r=0.0742930128882806
[  2590.7s]   [corridor] MY->DE alpha=-0.01 ci=[-0.22552777081727982, 0.2533534899353978] resid=0.66 nD=2653 grad_r=0.15433540923927647
[  2594.5s]   [corridor] RO->DE alpha=0.02 ci=[-0.0715558648109436, 0.13188426867127417] resid=1.00 nD=2362 grad_r=-0.008739088064647894
[  2599.8s]   [corridor] SE->DE alpha=-0.18 ci=[-0.2785086154937744, -0.0686309464275838] resid=0.59 nD=2278 grad_r=-0.01634174106039195
[  2604.2s]   [corridor] SK->DE alpha=-0.08 ci=[-0.14307451248168945, -0.00997086773277275] resid=0.86 nD=2275 grad_r=0.007048712477877125
[  2608.4s]   [corridor] GR->DE alpha=0.49 ci=[0.4418148808181286, 0.5452498868107796] resid=0.33 nD=2042 grad_r=0.015420582231829702
[  2609.4s]   [corridor] CA->US alpha=0.08 ci=[0.015502252522856001, 0.14263241551816463] resid=0.33 nD=1763 grad_r=-0.13465599370771247
[  2613.7s]   [corridor] CL->DE alpha=2.20 ci=[2.046371114253998, 2.3441525876522062] resid=1.59 nD=1571 grad_r=0.0049153821977104195
[  2618.1s]   [corridor] DK->DE alpha=-0.30 ci=[-0.4453022301197052, -0.15585429221391678] resid=0.40 nD=1501 grad_r=0.01654106082451959
[  2620.1s]   [corridor] CN->US alpha=0.13 ci=[0.09388925489038229, 0.167665271833539] resid=0.05 nD=1485 grad_r=0.052684067871819174
[  2625.5s]   [corridor] RU->DE alpha=-0.43 ci=[-0.5177933439612389, -0.35271095111966133] resid=0.87 nD=1469 grad_r=0.31059488672037905
[  2627.8s]   [corridor] PL->RU alpha=-2.79 ci=[-2.962819826602936, -2.618379282951355] resid=2.17 nD=1434 grad_r=0.28130142350184245
[  2631.8s]   [corridor] PT->DE alpha=2.05 ci=[1.8886883586645127, 2.210860949754715] resid=1.03 nD=1330 grad_r=0.033508888794868734
[  2638.0s]   [corridor] HU->DE alpha=-0.22 ci=[-0.3121179774403572, -0.1309621337801219] resid=0.72 nD=1329 grad_r=0.05738769877465811
[  2641.6s]   [corridor] NO->DE alpha=-0.33 ci=[-0.49024974554777145, -0.15384247638285165] resid=0.54 nD=1246 grad_r=-0.010330581759902735
[  2642.6s]   [corridor] HK->CN alpha=1.17 ci=[0.9462909251451492, 1.4050731569528578] resid=0.58 nD=1233 grad_r=-0.06464021255902129
[  2646.4s]   [corridor] FI->DE alpha=0.69 ci=[0.5414444029331207, 0.8281519442796706] resid=1.01 nD=1155 grad_r=0.01163199112625466
[  2651.3s]   [corridor] US->DE alpha=1.03 ci=[0.9678065195679665, 1.090786650776863] resid=0.25 nD=1099 grad_r=0.04666886488737819
[  2652.2s]   [corridor] IN->US alpha=-0.07 ci=[-0.15246456488966942, 0.03312177797779435] resid=0.78 nD=1047 grad_r=0.2617471379167296
[  2656.7s]   [corridor] IE->DE alpha=1.61 ci=[0.697074793279171, 2.1707582116127013] resid=3.62 nD=1018 grad_r=0.027738074147407633
[  2658.3s]   [corridor] IT->US alpha=0.25 ci=[0.18932572491466998, 0.3232413694262504] resid=0.17 nD=868 grad_r=-0.04851940588596599
[  2659.2s]   [corridor] SK->CZ alpha=1.88 ci=[1.250773733854294, 2.4864058256149284] resid=3.12 nD=837 grad_r=-0.06921442327585506
[  2664.6s]   [corridor] JP->DE alpha=-0.44 ci=[-0.5511171534657479, -0.32905576527118685] resid=0.29 nD=808 grad_r=-0.08860717275263422
[  2668.7s]   [corridor] SI->DE alpha=0.49 ci=[0.38635112792253495, 0.6059852093458176] resid=0.81 nD=792 grad_r=0.10354244183693409
[  2674.4s]   [corridor] CN->DE alpha=0.90 ci=[0.778316855430603, 1.0149807631969452] resid=1.58 nD=715 grad_r=-0.09319204923664848
[  2678.3s]   [corridor] ID->DE alpha=1.02 ci=[0.9078104659914971, 1.151082980632782] resid=0.53 nD=650 grad_r=-0.030245945256061814
[  2682.4s]   [corridor] LT->DE alpha=0.20 ci=[0.05634322315454484, 0.37313588485121724] resid=1.30 nD=641 grad_r=0.035821837802797594
[  2686.6s]   [corridor] BG->DE alpha=0.30 ci=[0.13706962019205093, 0.47399763762950886] resid=1.04 nD=627 grad_r=0.13439603710165277
[  2690.7s]   [corridor] MX->DE alpha=0.34 ci=[0.03734804675914349, 0.6345925807952881] resid=1.51 nD=595 grad_r=0.042135700405632345
[  2694.3s]   [corridor] RS->DE alpha=0.22 ci=[0.12444984838366509, 0.3352377213537693] resid=0.41 nD=583 grad_r=5.467724011928009e-06
[  2695.9s]   [corridor] BY->RU alpha=1.62 ci=[1.1524729818105697, 2.0296752393245696] resid=0.37 nD=580 grad_r=0.1754253448078403
[  2699.8s]   [corridor] HR->DE alpha=0.75 ci=[0.6360625311732292, 0.8551506623625754] resid=0.74 nD=562 grad_r=-0.04783754479634546
[  2704.1s]   [corridor] VN->DE alpha=0.16 ci=[0.06989702414721251, 0.2417439084500074] resid=0.81 nD=531 grad_r=0.09622184735167816
[  2709.9s]   [corridor] DE->US alpha=0.40 ci=[0.29875106886029246, 0.5007101237773893] resid=0.28 nD=518 grad_r=-0.0021094943998965538
[  2711.1s]   [corridor] BE->NL alpha=3.99 ci=[3.3495461523532866, 4.728611421585082] resid=1.47 nD=511 grad_r=0.05495879709037746
[  2714.7s]   [corridor] EE->DE alpha=0.11 ci=[-0.08188732471317052, 0.2924967400729656] resid=1.00 nD=470 grad_r=0.03143412316776508
[  2716.5s]   [corridor] FR->US alpha=0.20 ci=[0.10964569430798292, 0.3061772368848324] resid=0.29 nD=468 grad_r=-0.012383619692510584
[  2717.5s]   [corridor] ES->US alpha=-0.10 ci=[-0.20827563777565955, 0.0094411108642816] resid=0.35 nD=436 grad_r=0.06729419895631797
[  2738.8s]   [corridor] GB->DE alpha=0.33 ci=[0.2282847549766302, 0.4457238219678402] resid=0.65 nD=436 grad_r=-0.09139569786578274
[  2743.7s]   [corridor] LV->DE alpha=-0.24 ci=[-0.42874924913048745, -0.0031045006122442016] resid=1.30 nD=416 grad_r=0.06470755487898118
[  2744.7s]   [corridor] MX->US alpha=0.74 ci=[0.6409701973199844, 0.8306788787245749] resid=0.23 nD=412 grad_r=-0.35402957360013154
[  2746.4s]   [corridor] UA->RU alpha=0.00 ci=[-0.3885887764394283, 0.3592559240758418] resid=0.35 nD=387 grad_r=-0.014124080785603987
[  2747.6s]   [corridor] CH->US alpha=0.89 ci=[0.7875991836190224, 0.9967933475971219] resid=0.30 nD=380 grad_r=-0.23821472142937908
[  2749.0s]   [corridor] BE->FR alpha=-0.18 ci=[-0.5462600111961364, 0.21339698433876036] resid=0.30 nD=376 grad_r=0.02745410666311575
[  2750.8s]   [corridor] NL->US alpha=0.58 ci=[0.4949459575116634, 0.6722165420651435] resid=0.27 nD=361 grad_r=-0.009954349198310541
[  2756.7s]   [corridor] DE->RU alpha=0.49 ci=[0.3695777654647827, 0.5898304134607314] resid=0.67 nD=307 grad_r=-0.0026159010233571685
[  2757.9s]   [corridor] US->ES alpha=0.16 ci=[0.03805156657472253, 0.28202559426426876] resid=0.35 nD=304 grad_r=0.05748814518296038
[  2761.0s]   [corridor] IT->RU alpha=0.59 ci=[0.40773986726999284, 0.7555597320199012] resid=0.87 nD=294 grad_r=-0.0251730457935796
[  2761.9s]   [corridor] SG->US alpha=0.30 ci=[0.12606981080025437, 0.4615242436528204] resid=0.31 nD=290 grad_r=0.3317213531488523
[  2762.8s]   [corridor] IE->US alpha=0.33 ci=[0.1807270936667919, 0.4841025568544864] resid=0.45 nD=289 grad_r=0.03663727753365935
[  2767.4s]   [corridor] TW->DE alpha=0.45 ci=[0.22252933531999589, 0.6781461581587791] resid=0.82 nD=285 grad_r=0.08100450220232436
[  2768.6s]   [corridor] SE->US alpha=0.40 ci=[0.30233745351433755, 0.5007363587617873] resid=0.27 nD=260 grad_r=0.15860117848128083
[  2769.7s]   [corridor] BE->US alpha=0.49 ci=[0.386811663210392, 0.5874946638941764] resid=0.23 nD=243 grad_r=-0.00036411145271457305
[  2771.8s]   [corridor] CA->RU alpha=-0.31 ci=[-0.5199252277612686, -0.10891148764640107] resid=2.24 nD=243 grad_r=-0.0802382914767801
[  2776.9s]   [corridor] HK->DE alpha=0.02 ci=[-0.6621936187148094, 0.9664520427584646] resid=1.85 nD=242 grad_r=-0.07113749291326191
[  2781.1s]   [corridor] SG->DE alpha=1.14 ci=[0.7890805616974831, 1.4685360193252563] resid=1.37 nD=219 grad_r=-0.0511337391080463
[  2782.0s]   [corridor] PT->US alpha=-0.29 ci=[-0.49293546229600904, -0.08323939777910716] resid=0.30 nD=206 grad_r=-0.16830281603692407
[  2784.0s]   [corridor] CZ->US alpha=0.19 ci=[0.06731635965406896, 0.32499000355601304] resid=0.15 nD=202 grad_r=0.019957165870815342
[  2788.2s]   [corridor] KR->DE alpha=0.60 ci=[0.1691889099776745, 0.9958583444356917] resid=0.49 nD=199 grad_r=-0.01921369993582305
[  2789.1s]   [corridor] HK->US alpha=0.92 ci=[0.7450508296489715, 1.0706299722194672] resid=0.29 nD=198 grad_r=-0.25539150955561746
[  2790.1s]   [corridor] FI->US alpha=0.63 ci=[0.4398785293102264, 0.8091478526592254] resid=0.57 nD=196 grad_r=0.14567476172068491
[  2793.0s]   [corridor] RU->US alpha=0.12 ci=[-0.00100658357841894, 0.21898215934634208] resid=0.08 nD=193 grad_r=-0.25185099348348844
[  2794.2s]   [corridor] DK->US alpha=0.51 ci=[0.3976570628583431, 0.6324800074100494] resid=0.21 nD=193 grad_r=0.05549401743201369
[  2795.8s]   [corridor] CH->FR alpha=0.39 ci=[-0.4467186897993088, 1.1870965093374248] resid=1.42 nD=191 grad_r=0.06965474271370178
[  2799.6s]   [corridor] FR->RU alpha=0.17 ci=[0.035558276902884246, 0.30586038231849666] resid=0.30 nD=190 grad_r=0.11221932135738907
[  2803.9s]   [corridor] LK->DE alpha=0.92 ci=[0.7168891832232476, 1.100116714835167] resid=0.61 nD=190 grad_r=0.042672569136734395
[  2808.3s]   [corridor] BY->DE alpha=0.04 ci=[-0.0822641184553504, 0.20262916833162303] resid=0.92 nD=178 grad_r=0.09168183560119701
[  2809.4s]   [corridor] NO->US alpha=0.49 ci=[0.38993941321969033, 0.5975242361426353] resid=0.28 nD=175 grad_r=0.20245339991414502
[  2811.3s]   [corridor] PL->US alpha=0.33 ci=[0.1729297686368227, 0.4995155788958073] resid=0.23 nD=166 grad_r=-0.021030278492115324
[  2812.5s]   [corridor] RO->US alpha=0.52 ci=[0.35627480074763296, 0.6928670570254325] resid=0.19 nD=165 grad_r=-0.06586065601807434
[  2817.4s]   [corridor] IS->DE alpha=0.77 ci=[0.5992811799049378, 0.9432355910539625] resid=0.41 nD=160 grad_r=-0.010807455821211762
[  2823.8s]   [corridor] DE->NL alpha=1.54 ci=[1.2648905783891677, 1.8510674089193342] resid=0.57 nD=159 grad_r=0.21696096196220108
[  2825.2s]   [corridor] IN->JP alpha=1.54 ci=[1.4175903379917145, 1.6632059514522552] resid=0.44 nD=156 grad_r=0.23041916297039186
[  2826.3s]   [corridor] GR->US alpha=0.31 ci=[0.039604661334306006, 0.5971314445137976] resid=0.37 nD=147 grad_r=0.004607119670787289
[  2830.9s]   [corridor] UA->DE alpha=0.20 ci=[0.09244814701378345, 0.3194755092263222] resid=0.47 nD=146 grad_r=0.04618783253613601
[  2833.0s]   [corridor] ES->RU alpha=0.65 ci=[0.361227185279131, 0.9593586400151252] resid=0.56 nD=141 grad_r=-0.09357590846937623
[  2833.9s]   [corridor] MY->US alpha=0.68 ci=[0.5260966390371322, 0.8312436088919639] resid=0.18 nD=138 grad_r=-0.27564329289310274
[  2836.8s]   [corridor] CZ->RU alpha=1.33 ci=[0.8138918101787567, 1.95666463971138] resid=2.05 nD=137 grad_r=-0.027222374126489757
[  2838.9s]   [corridor] IN->RU alpha=1.55 ci=[1.202890980243683, 1.9180658668279646] resid=0.73 nD=135 grad_r=-0.20787528911685368
[  2843.4s]   [corridor] NZ->DE alpha=0.17 ci=[-0.12318154741078612, 0.4466174334287641] resid=0.31 nD=135 grad_r=-0.0006030118267424554
[  2844.3s]   [corridor] CL->US alpha=0.02 ci=[-0.23708570338785648, 0.2645130373537537] resid=0.24 nD=129 grad_r=0.008415396207669587
[  2845.2s]   [corridor] HR->US alpha=0.28 ci=[0.05430456586182118, 0.4795189306139946] resid=0.73 nD=129 grad_r=-0.009641924391780417
[  2846.5s]   [corridor] CZ->SK alpha=-0.74 ci=[-1.4659350395202637, 0.02832251209765664] resid=1.48 nD=128 grad_r=-0.05321770664332274
[  2847.7s]   [corridor] SK->US alpha=0.22 ci=[0.06489176508039236, 0.39382888451218595] resid=0.21 nD=126 grad_r=-0.18476302275142012
[  2848.8s]   [corridor] HU->US alpha=0.28 ci=[0.1003833344206214, 0.47160085216164577] resid=0.15 nD=125 grad_r=-0.02916517857199143
[  2852.1s]   [corridor] NL->RU alpha=0.07 ci=[-0.1497479535639286, 0.2769279032945631] resid=0.32 nD=125 grad_r=0.05203268272910881
[  2854.2s]   [corridor] JP->US alpha=0.37 ci=[0.24919811263680458, 0.4936774916946888] resid=0.17 nD=116 grad_r=0.0730797655109424
[  2876.9s]   [corridor] DE->GB alpha=0.56 ci=[0.33353331238031386, 0.7920174762606619] resid=0.70 nD=115 grad_r=-0.24118794090829937
[  2891.8s]   [corridor] IE->GB alpha=0.64 ci=[0.43676483929157256, 0.8565598785877228] resid=0.76 nD=110 grad_r=-0.21590309174048358
[  2893.5s]   [corridor] PL->CZ alpha=2.26 ci=[1.6237330824136733, 2.813996112346649] resid=1.55 nD=108 grad_r=-0.12477114689845925
[  2909.6s]   [corridor] IT->GB alpha=0.82 ci=[0.6046060070395469, 1.0100171983242034] resid=0.89 nD=106 grad_r=-0.16770312093667233
[  2910.9s]   [corridor] US->KR alpha=0.34 ci=[0.14760395251214506, 0.5423963189125061] resid=0.18 nD=101 grad_r=0.19466854286880214
[  2911.7s]   [corridor] IS->US alpha=0.62 ci=[0.441711051762104, 0.8074410229921339] resid=0.63 nD=101 grad_r=0.08126844917045006
[  2993.0s] wrote /home/jason/diaspora_gradient_out/diaspora_result.json  (104 corridors, 52 intermediate, mean_alpha=0.4245275955883279)
[  2993.0s] pooled gradient: slope=0.068 r=0.004 n=116037
[  2993.0s] DONE cc_diaspora_gradient.py
