############ CELL reddit_large 2026-09-03T09:51:33+00:00
[    0.0s] building the canonical matter against manner ruler ...
[   33.8s] PC1 loadings: rigour=+0.44, depth=+0.40, originality=+0.23, candour=+0.39, affect=-0.35, commercial_drive=-0.26, stance=+0.37, register=-0.34
[   33.8s] ruler rows=2,648,406
[   33.8s] pulling rows (table=reddit_wide person=author room=subreddit disp=disp_d8_behav_27b char=char) ...
[   44.9s] usable rows=77,078  persons=47,512  domains=400
[   44.9s] aggregating each person WITHIN each room ...
[   47.8s] person room records=49,863  (rows with >=2 posts contribute df=27,215 to S_w)
[   47.9s] rooms with >=5 persons: 400   person room records kept: 49,863   distinct persons: 47,512
[   48.0s] forming within room pairs (cap 200 unordered per room, both orderings kept) ...
[   48.2s] pooled pairs: 160,000 ordered rows (80,000 unordered) across 400 rooms
[   48.4s] POOLED W (rows = dPlasticity, dStability ; cols = dMatterManner, dOriginality):
[   48.4s]    [[-0.1104  0.2726]
 [ 0.2182 -0.0847]]
[   48.4s]    in sample rmse=1.2986 r2=0.0772
[   48.4s] room block bootstrap for the pooled W (400 draws) ...
[   61.2s]    W[dPlasticity->dMatterManner ] = -0.1104  se 0.0069  95% CI [-0.1239, -0.0971]
[   61.2s]    W[dPlasticity->dOriginality  ] = +0.2726  se 0.0067  95% CI [+0.2606, +0.2862]
[   61.2s]    W[dStability ->dMatterManner ] = +0.2182  se 0.0086  95% CI [+0.2015, +0.2359]
[   61.2s]    W[dStability ->dOriginality  ] = -0.0847  se 0.0078  95% CI [-0.0987, -0.0688]
[   79.8s]    curvature model in sample rmse=1.2929 r2=0.0853 (linear r2=0.0772)
[   79.8s]    curvature term dPlas*Pbar_plas      -> MM -0.1480 (se 0.0100)   Orig -0.0194 (se 0.0125)
[   79.8s]    curvature term dPlas*Pbar_stab      -> MM -0.0275 (se 0.0088)   Orig +0.0129 (se 0.0089)
[   79.8s]    curvature term dStab*Pbar_plas      -> MM -0.0196 (se 0.0087)   Orig +0.0155 (se 0.0098)
[   79.8s]    curvature term dStab*Pbar_stab      -> MM -0.0663 (se 0.0116)   Orig -0.1214 (se 0.0117)
[   79.8s]    scalar comparison  dPlasticity -> dMatterManner = -0.1741
[   79.8s] INTERCEPT CHECK (both orderings, algebraically exact zero): [-2.77555756e-19  0.00000000e+00]
[   90.8s] INTERCEPT CHECK (single arbitrary ordering, a real test): [ 1.37383090e-18 -1.57009246e-18] se [0.00432478 0.00468536]
[   90.8s] shuffle null: permuting P across persons WITHIN each room, characters left in place ...
[   90.8s]    shuffled W:
[[ 0.0026 -0.0077]
 [ 0.0047  0.0102]]
[   90.8s]    shuffled in sample rmse=1.3517 r2=0.0001  (real r2=0.0772)
[   91.0s] room grouped CV, K=5, WITH person leakage (diagnostic) ...
[   95.1s]    leaky K=5: pooled held out rmse=1.2935 r2=0.0780 | invariant but nonlinear g: r2=0.0863 (kept 100.0% of held out pair mass, 160,000 ordered pairs)
[   95.1s]       halves >=5 persons: 800 splits, 319,012 pairs | room specific W r2=+0.0402  pooled W r2=+0.0783  | best blend a=0.2 r2=+0.0798
[   95.1s]          blend(linear pooled, room) r2 by a: 0.0:+0.0783 0.1:+0.0796 0.2:+0.0798 0.3:+0.0788 0.4:+0.0767 0.5:+0.0734 0.6:+0.0691 0.7:+0.0636 0.8:+0.0569 0.9:+0.0491 1.0:+0.0402
[   95.1s]          blend(CURVED pooled, room) r2 by a: 0.0:+0.0874 0.1:+0.0886 0.2:+0.0884 0.3:+0.0869 0.4:+0.0841 0.5:+0.0800 0.6:+0.0747 0.7:+0.0680 0.8:+0.0600 0.9:+0.0508 1.0:+0.0402
[   95.1s]          -> curved invariant alone r2=+0.0874; best with room term a=0.1 r2=+0.0886
[   95.1s]       halves >=15 persons: 800 splits, 319,012 pairs | room specific W r2=+0.0380  pooled W r2=+0.0784  | best blend a=0.1 r2=+0.0795
[   95.1s]          blend(linear pooled, room) r2 by a: 0.0:+0.0784 0.1:+0.0795 0.2:+0.0794 0.3:+0.0781 0.4:+0.0758 0.5:+0.0723 0.6:+0.0677 0.7:+0.0619 0.8:+0.0551 0.9:+0.0471 1.0:+0.0380
[   95.1s]          blend(CURVED pooled, room) r2 by a: 0.0:+0.0868 0.1:+0.0877 0.2:+0.0873 0.3:+0.0857 0.4:+0.0827 0.5:+0.0785 0.6:+0.0729 0.7:+0.0661 0.8:+0.0580 0.9:+0.0486 1.0:+0.0380
[   95.1s]          -> curved invariant alone r2=+0.0868; best with room term a=0.1 r2=+0.0877
[   95.1s]       halves >=40 persons: 724 splits, 289,600 pairs | room specific W r2=+0.0401  pooled W r2=+0.0790  | best blend a=0.1 r2=+0.0799
[   95.1s]          blend(linear pooled, room) r2 by a: 0.0:+0.0790 0.1:+0.0799 0.2:+0.0797 0.3:+0.0784 0.4:+0.0761 0.5:+0.0728 0.6:+0.0683 0.7:+0.0629 0.8:+0.0563 0.9:+0.0488 1.0:+0.0401
[   95.1s]          blend(CURVED pooled, room) r2 by a: 0.0:+0.0870 0.1:+0.0878 0.2:+0.0874 0.3:+0.0857 0.4:+0.0829 0.5:+0.0788 0.6:+0.0735 0.7:+0.0670 0.8:+0.0593 0.9:+0.0503 1.0:+0.0401
[   95.1s]          -> curved invariant alone r2=+0.0870; best with room term a=0.1 r2=+0.0878
[   95.1s] room grouped CV, K=5, person leakage REMOVED ...
[   99.2s]    clean K=5: pooled held out rmse=1.2949 r2=0.0763 | invariant but nonlinear g: r2=0.0817 (kept 100.0% of held out pair mass, 160,000 ordered pairs)
[   99.2s]       halves >=5 persons: 800 splits, 318,478 pairs | room specific W r2=+0.0369  pooled W r2=+0.0770  | best blend a=0.2 r2=+0.0786
[   99.2s]          blend(linear pooled, room) r2 by a: 0.0:+0.0770 0.1:+0.0784 0.2:+0.0786 0.3:+0.0776 0.4:+0.0753 0.5:+0.0719 0.6:+0.0673 0.7:+0.0615 0.8:+0.0545 0.9:+0.0463 1.0:+0.0369
[   99.2s]          blend(CURVED pooled, room) r2 by a: 0.0:+0.0824 0.1:+0.0840 0.2:+0.0842 0.3:+0.0831 0.4:+0.0806 0.5:+0.0767 0.6:+0.0715 0.7:+0.0649 0.8:+0.0569 0.9:+0.0476 1.0:+0.0369
[   99.2s]          -> curved invariant alone r2=+0.0824; best with room term a=0.2 r2=+0.0842
[   99.2s]       halves >=15 persons: 798 splits, 318,086 pairs | room specific W r2=+0.0346  pooled W r2=+0.0772  | best blend a=0.1 r2=+0.0784
[   99.2s]          blend(linear pooled, room) r2 by a: 0.0:+0.0772 0.1:+0.0784 0.2:+0.0783 0.3:+0.0771 0.4:+0.0746 0.5:+0.0710 0.6:+0.0661 0.7:+0.0600 0.8:+0.0527 0.9:+0.0443 1.0:+0.0346
[   99.2s]          blend(CURVED pooled, room) r2 by a: 0.0:+0.0826 0.1:+0.0839 0.2:+0.0839 0.3:+0.0825 0.4:+0.0797 0.5:+0.0756 0.6:+0.0701 0.7:+0.0633 0.8:+0.0551 0.9:+0.0455 1.0:+0.0346
[   99.2s]          -> curved invariant alone r2=+0.0826; best with room term a=0.1 r2=+0.0839
[   99.2s]       halves >=40 persons: 700 splits, 280,000 pairs | room specific W r2=+0.0426  pooled W r2=+0.0786  | best blend a=0.2 r2=+0.0802
[   99.2s]          blend(linear pooled, room) r2 by a: 0.0:+0.0786 0.1:+0.0799 0.2:+0.0802 0.3:+0.0793 0.4:+0.0773 0.5:+0.0743 0.6:+0.0701 0.7:+0.0649 0.8:+0.0586 0.9:+0.0512 1.0:+0.0426
[   99.2s]          blend(CURVED pooled, room) r2 by a: 0.0:+0.0841 0.1:+0.0856 0.2:+0.0858 0.3:+0.0847 0.4:+0.0825 0.5:+0.0789 0.6:+0.0742 0.7:+0.0682 0.8:+0.0609 0.9:+0.0524 1.0:+0.0426
[   99.2s]          -> curved invariant alone r2=+0.0841; best with room term a=0.2 r2=+0.0858
[   99.2s] room grouped CV, K=2 (50/50 rooms) x 5 repeats, person leakage REMOVED ...
[  117.9s]    clean K=2 x5: pooled held out rmse=1.2929 r2=0.0770 | invariant but nonlinear g: r2=0.0828 (kept 100.0% of held out pair mass, 800,000 ordered pairs)
[  117.9s]       halves >=5 persons: 4000 splits, 1,593,038 pairs | room specific W r2=+0.0378  pooled W r2=+0.0776  | best blend a=0.2 r2=+0.0792
[  117.9s]          blend(linear pooled, room) r2 by a: 0.0:+0.0776 0.1:+0.0790 0.2:+0.0792 0.3:+0.0782 0.4:+0.0760 0.5:+0.0726 0.6:+0.0680 0.7:+0.0622 0.8:+0.0553 0.9:+0.0471 1.0:+0.0378
[  117.9s]          blend(CURVED pooled, room) r2 by a: 0.0:+0.0832 0.1:+0.0847 0.2:+0.0848 0.3:+0.0836 0.4:+0.0811 0.5:+0.0772 0.6:+0.0720 0.7:+0.0655 0.8:+0.0576 0.9:+0.0483 1.0:+0.0378
[  117.9s]          -> curved invariant alone r2=+0.0832; best with room term a=0.2 r2=+0.0848
[  117.9s]       halves >=15 persons: 3998 splits, 1,592,646 pairs | room specific W r2=+0.0376  pooled W r2=+0.0779  | best blend a=0.2 r2=+0.0793
[  117.9s]          blend(linear pooled, room) r2 by a: 0.0:+0.0779 0.1:+0.0792 0.2:+0.0793 0.3:+0.0782 0.4:+0.0760 0.5:+0.0725 0.6:+0.0679 0.7:+0.0621 0.8:+0.0551 0.9:+0.0469 1.0:+0.0376
[  117.9s]          blend(CURVED pooled, room) r2 by a: 0.0:+0.0834 0.1:+0.0848 0.2:+0.0849 0.3:+0.0837 0.4:+0.0811 0.5:+0.0772 0.6:+0.0719 0.7:+0.0654 0.8:+0.0574 0.9:+0.0482 1.0:+0.0376
[  117.9s]          -> curved invariant alone r2=+0.0834; best with room term a=0.2 r2=+0.0849
[  117.9s]       halves >=40 persons: 3538 splits, 1,415,200 pairs | room specific W r2=+0.0427  pooled W r2=+0.0781  | best blend a=0.2 r2=+0.0798
[  117.9s]          blend(linear pooled, room) r2 by a: 0.0:+0.0781 0.1:+0.0795 0.2:+0.0798 0.3:+0.0789 0.4:+0.0770 0.5:+0.0740 0.6:+0.0699 0.7:+0.0647 0.8:+0.0585 0.9:+0.0511 1.0:+0.0427
[  117.9s]          blend(CURVED pooled, room) r2 by a: 0.0:+0.0836 0.1:+0.0850 0.2:+0.0852 0.3:+0.0842 0.4:+0.0820 0.5:+0.0785 0.6:+0.0738 0.7:+0.0679 0.8:+0.0607 0.9:+0.0523 1.0:+0.0427
[  117.9s]          -> curved invariant alone r2=+0.0836; best with room term a=0.2 r2=+0.0852
[  117.9s] per room W panel + PERMUTATION heterogeneity null (rooms >=60 persons, capped at 200) ...
[  117.9s]    panel rooms=387  persons in panel=49,235
[  118.1s]    usable panel rooms=387
[  136.3s]    wild bootstrap draws=200  (pooled panel W=
[[-0.1111  0.2775]
 [ 0.22   -0.0842]])
[  169.2s]    per room reliability lambda: plasticity mean=0.202 sd=0.144; stability mean=0.259 sd=0.181
[  169.2s]    dPlasticity->dMatterManner     rooms=  387 meanW=-0.1068 sd(obs)=0.1196 sd(wild null)=0.1028 p=0.0050 excess tau=0.0613 | reliability controlled: sd=1.3675 vs null 1.4326 p=0.7711 tau=0.0000
[  169.3s]    dPlasticity->dOriginality      rooms=  387 meanW=+0.2735 sd(obs)=0.1191 sd(wild null)=0.1061 p=0.0050 excess tau=0.0541 | reliability controlled: sd=2.0642 vs null 2.2234 p=0.9552 tau=0.0000
[  169.3s]    dStability->dMatterManner      rooms=  387 meanW=+0.2205 sd(obs)=0.1384 sd(wild null)=0.1065 p=0.0050 excess tau=0.0884 | reliability controlled: sd=2.5082 vs null 2.1374 p=0.0050 tau=1.3124
[  169.3s]    dStability->dOriginality       rooms=  387 meanW=-0.0930 sd(obs)=0.1357 sd(wild null)=0.1143 p=0.0050 excess tau=0.0730 | reliability controlled: sd=2.0427 vs null 1.6452 p=0.0050 tau=1.2108
[  169.3s]    corr(log mean rows per person in room, W_r[dPlasticity->dMatterManner]) = -0.003
[  169.3s]    corr(log mean rows per person in room, W_r[dPlasticity->dOriginality]) = -0.055
[  169.3s]    corr(log mean rows per person in room, W_r[dStability->dMatterManner]) = -0.002
[  169.3s]    corr(log mean rows per person in room, W_r[dStability->dOriginality]) = -0.032
[  169.3s] reliability of person room P and disattenuated W ...
[  169.4s]    observed cov(dP)=
[[ 1.6775 -0.4902]
 [-0.4902  1.6547]]
[  169.4s]    error    cov(dP)=
[[ 1.3095 -0.3512]
 [-0.3512  1.1756]]
[  169.4s]    reliability lambda: plasticity=0.219 stability=0.290
[  169.4s]    disattenuated W=
[[-0.5239  1.28  ]
 [ 0.7143 -0.2002]]
[  169.4s] within room (differencing) against between room (room mean) slopes ...
[  169.4s]    naive pooled LEVEL slope (no room term)=
[[-0.1368  0.2932]
 [ 0.2063 -0.0814]]
[  169.4s]    BETWEEN room slope (room means)=
[[-0.2673  0.3813]
 [ 0.1594 -0.0779]]
[  169.4s]    WITHIN room slope (this test)=
[[-0.1104  0.2726]
 [ 0.2182 -0.0847]]
[  169.4s] exact room centred fit (all persons, no pair cap) as a cross check on the pair sampling ...
[  169.6s]    exact within room W=
[[-0.1109  0.2765]
 [ 0.2193 -0.0844]]
[  169.6s] circularity check: P read ONLY from the person's OTHER rooms, C from this room ...
[  171.3s]    leave room out records=3,914 in 302 rooms
[  171.3s]    leave room out W=
[[-0.0098  0.1669]
 [-0.0041 -0.0944]]
[  171.3s]    POWER dPlasticity->dMatterManner: sampling sd=0.1028  min detectable tau=0.0445  observed excess=0.0613  (to halve the floor: 524 persons per room at 387 rooms, or 6192 rooms at 131 persons)
[  171.3s]    POWER dPlasticity->dOriginality: sampling sd=0.1061  min detectable tau=0.0472  observed excess=0.0541  (to halve the floor: 524 persons per room at 387 rooms, or 6192 rooms at 131 persons)
[  171.3s]    POWER dStability->dMatterManner: sampling sd=0.1065  min detectable tau=0.0501  observed excess=0.0884  (to halve the floor: 524 persons per room at 387 rooms, or 6192 rooms at 131 persons)
[  171.3s]    POWER dStability->dOriginality: sampling sd=0.1143  min detectable tau=0.0541  observed excess=0.0730  (to halve the floor: 524 persons per room at 387 rooms, or 6192 rooms at 131 persons)
[  171.3s] wrote /mnt/nas/kronaxis/corpora/exp_diff_invariance_rep/panel_reddit_large.json
[  171.3s] done
############ CELL reddit_large DONE rc=0 2026-09-03T09:54:28+00:00
############ CELL reddit_small 2026-09-03T09:54:28+00:00
[    0.1s] building the canonical matter against manner ruler ...
[   26.0s] PC1 loadings: rigour=+0.44, depth=+0.40, originality=+0.23, candour=+0.39, affect=-0.35, commercial_drive=-0.26, stance=+0.37, register=-0.34
[   26.0s] ruler rows=2,648,406
[   26.0s] pulling rows (table=reddit_wide person=author room=subreddit disp=disp_d8_behav_27b char=char) ...
[   34.7s] usable rows=77,078  persons=47,512  domains=400
[   34.7s] aggregating each person WITHIN each room ...
[   36.3s] person room records=49,863  (rows with >=2 posts contribute df=27,215 to S_w)
[   36.4s] rooms with >=5 persons: 400   person room records kept: 49,863   distinct persons: 47,512
[   36.5s] forming within room pairs (cap 200 unordered per room, both orderings kept) ...
[   36.7s] pooled pairs: 160,000 ordered rows (80,000 unordered) across 400 rooms
[   36.8s] POOLED W (rows = dPlasticity, dStability ; cols = dMatterManner, dOriginality):
[   36.8s]    [[-0.1071  0.2785]
 [ 0.2194 -0.0836]]
[   36.8s]    in sample rmse=1.2960 r2=0.0790
[   36.8s] room block bootstrap for the pooled W (400 draws) ...
[   44.9s]    W[dPlasticity->dMatterManner ] = -0.1071  se 0.0068  95% CI [-0.1209, -0.0949]
[   44.9s]    W[dPlasticity->dOriginality  ] = +0.2785  se 0.0069  95% CI [+0.2658, +0.2919]
[   44.9s]    W[dStability ->dMatterManner ] = +0.2194  se 0.0085  95% CI [+0.2035, +0.2353]
[   44.9s]    W[dStability ->dOriginality  ] = -0.0836  se 0.0083  95% CI [-0.1005, -0.0684]
[   53.3s]    curvature model in sample rmse=1.2905 r2=0.0869 (linear r2=0.0790)
[   53.3s]    curvature term dPlas*Pbar_plas      -> MM -0.1493 (se 0.0094)   Orig -0.0184 (se 0.0129)
[   53.3s]    curvature term dPlas*Pbar_stab      -> MM -0.0216 (se 0.0081)   Orig +0.0195 (se 0.0098)
[   53.3s]    curvature term dStab*Pbar_plas      -> MM -0.0301 (se 0.0080)   Orig +0.0168 (se 0.0096)
[   53.3s]    curvature term dStab*Pbar_stab      -> MM -0.0664 (se 0.0108)   Orig -0.1134 (se 0.0112)
[   53.3s]    scalar comparison  dPlasticity -> dMatterManner = -0.1718
[   53.3s] INTERCEPT CHECK (both orderings, algebraically exact zero): [-8.32667268e-19 -2.22044605e-18]
[   59.3s] INTERCEPT CHECK (single arbitrary ordering, a real test): [3.92523115e-19 1.57009246e-18] se [0.00472476 0.00460086]
[   59.3s] shuffle null: permuting P across persons WITHIN each room, characters left in place ...
[   59.4s]    shuffled W:
[[ 0.0061 -0.004 ]
 [ 0.0013 -0.0071]]
[   59.4s]    shuffled in sample rmse=1.3504 r2=0.0000  (real r2=0.0790)
[   59.6s] room grouped CV, K=5, WITH person leakage (diagnostic) ...
[   63.7s]    leaky K=5: pooled held out rmse=1.2970 r2=0.0774 | invariant but nonlinear g: r2=0.0856 (kept 100.0% of held out pair mass, 160,000 ordered pairs)
[   63.7s]       halves >=5 persons: 800 splits, 319,012 pairs | room specific W r2=+0.0399  pooled W r2=+0.0776  | best blend a=0.2 r2=+0.0790
[   63.7s]          blend(linear pooled, room) r2 by a: 0.0:+0.0776 0.1:+0.0789 0.2:+0.0790 0.3:+0.0780 0.4:+0.0760 0.5:+0.0727 0.6:+0.0684 0.7:+0.0630 0.8:+0.0564 0.9:+0.0487 1.0:+0.0399
[   63.7s]          blend(CURVED pooled, room) r2 by a: 0.0:+0.0857 0.1:+0.0868 0.2:+0.0867 0.3:+0.0854 0.4:+0.0827 0.5:+0.0788 0.6:+0.0735 0.7:+0.0671 0.8:+0.0593 0.9:+0.0502 1.0:+0.0399
[   63.7s]          -> curved invariant alone r2=+0.0857; best with room term a=0.1 r2=+0.0868
[   63.7s]       halves >=15 persons: 800 splits, 319,012 pairs | room specific W r2=+0.0351  pooled W r2=+0.0772  | best blend a=0.1 r2=+0.0780
[   63.7s]          blend(linear pooled, room) r2 by a: 0.0:+0.0772 0.1:+0.0780 0.2:+0.0776 0.3:+0.0762 0.4:+0.0736 0.5:+0.0700 0.6:+0.0652 0.7:+0.0593 0.8:+0.0523 0.9:+0.0443 1.0:+0.0351
[   63.7s]          blend(CURVED pooled, room) r2 by a: 0.0:+0.0855 0.1:+0.0862 0.2:+0.0855 0.3:+0.0837 0.4:+0.0805 0.5:+0.0761 0.6:+0.0704 0.7:+0.0635 0.8:+0.0553 0.9:+0.0458 1.0:+0.0351
[   63.7s]          -> curved invariant alone r2=+0.0855; best with room term a=0.1 r2=+0.0862
[   63.7s]       halves >=40 persons: 724 splits, 289,600 pairs | room specific W r2=+0.0416  pooled W r2=+0.0795  | best blend a=0.1 r2=+0.0805
[   63.7s]          blend(linear pooled, room) r2 by a: 0.0:+0.0795 0.1:+0.0805 0.2:+0.0805 0.3:+0.0793 0.4:+0.0771 0.5:+0.0739 0.6:+0.0695 0.7:+0.0641 0.8:+0.0577 0.9:+0.0501 1.0:+0.0416
[   63.7s]          blend(CURVED pooled, room) r2 by a: 0.0:+0.0870 0.1:+0.0880 0.2:+0.0877 0.3:+0.0862 0.4:+0.0835 0.5:+0.0796 0.6:+0.0744 0.7:+0.0680 0.8:+0.0604 0.9:+0.0516 1.0:+0.0416
[   63.7s]          -> curved invariant alone r2=+0.0870; best with room term a=0.1 r2=+0.0880
[   63.7s] room grouped CV, K=5, person leakage REMOVED ...
[   67.9s]    clean K=5: pooled held out rmse=1.2986 r2=0.0774 | invariant but nonlinear g: r2=0.0837 (kept 100.0% of held out pair mass, 160,000 ordered pairs)
[   67.9s]       halves >=5 persons: 800 splits, 318,478 pairs | room specific W r2=+0.0382  pooled W r2=+0.0777  | best blend a=0.2 r2=+0.0792
[   67.9s]          blend(linear pooled, room) r2 by a: 0.0:+0.0777 0.1:+0.0790 0.2:+0.0792 0.3:+0.0782 0.4:+0.0760 0.5:+0.0726 0.6:+0.0681 0.7:+0.0624 0.8:+0.0555 0.9:+0.0474 1.0:+0.0382
[   67.9s]          blend(CURVED pooled, room) r2 by a: 0.0:+0.0835 0.1:+0.0850 0.2:+0.0851 0.3:+0.0839 0.4:+0.0813 0.5:+0.0774 0.6:+0.0722 0.7:+0.0657 0.8:+0.0579 0.9:+0.0487 1.0:+0.0382
[   67.9s]          -> curved invariant alone r2=+0.0835; best with room term a=0.2 r2=+0.0851
[   67.9s]       halves >=15 persons: 798 splits, 318,086 pairs | room specific W r2=+0.0319  pooled W r2=+0.0765  | best blend a=0.1 r2=+0.0775
[   67.9s]          blend(linear pooled, room) r2 by a: 0.0:+0.0765 0.1:+0.0775 0.2:+0.0773 0.3:+0.0758 0.4:+0.0732 0.5:+0.0693 0.6:+0.0643 0.7:+0.0580 0.8:+0.0505 0.9:+0.0418 1.0:+0.0319
[   67.9s]          blend(CURVED pooled, room) r2 by a: 0.0:+0.0822 0.1:+0.0833 0.2:+0.0830 0.3:+0.0814 0.4:+0.0784 0.5:+0.0740 0.6:+0.0683 0.7:+0.0613 0.8:+0.0528 0.9:+0.0431 1.0:+0.0319
[   67.9s]          -> curved invariant alone r2=+0.0822; best with room term a=0.1 r2=+0.0833
[   67.9s]       halves >=40 persons: 700 splits, 280,000 pairs | room specific W r2=+0.0390  pooled W r2=+0.0777  | best blend a=0.2 r2=+0.0788
[   67.9s]          blend(linear pooled, room) r2 by a: 0.0:+0.0777 0.1:+0.0788 0.2:+0.0788 0.3:+0.0778 0.4:+0.0756 0.5:+0.0723 0.6:+0.0678 0.7:+0.0623 0.8:+0.0557 0.9:+0.0479 1.0:+0.0390
[   67.9s]          blend(CURVED pooled, room) r2 by a: 0.0:+0.0835 0.1:+0.0847 0.2:+0.0847 0.3:+0.0834 0.4:+0.0808 0.5:+0.0770 0.6:+0.0720 0.7:+0.0656 0.8:+0.0580 0.9:+0.0492 1.0:+0.0390
[   67.9s]          -> curved invariant alone r2=+0.0835; best with room term a=0.1 r2=+0.0847
[   67.9s] room grouped CV, K=2 (50/50 rooms) x 5 repeats, person leakage REMOVED ...
[   84.8s]    clean K=2 x5: pooled held out rmse=1.2929 r2=0.0780 | invariant but nonlinear g: r2=0.0837 (kept 100.0% of held out pair mass, 800,000 ordered pairs)
[   84.8s]       halves >=5 persons: 4000 splits, 1,593,038 pairs | room specific W r2=+0.0374  pooled W r2=+0.0769  | best blend a=0.2 r2=+0.0785
[   84.8s]          blend(linear pooled, room) r2 by a: 0.0:+0.0769 0.1:+0.0783 0.2:+0.0785 0.3:+0.0775 0.4:+0.0753 0.5:+0.0720 0.6:+0.0674 0.7:+0.0617 0.8:+0.0548 0.9:+0.0467 1.0:+0.0374
[   84.8s]          blend(CURVED pooled, room) r2 by a: 0.0:+0.0823 0.1:+0.0839 0.2:+0.0840 0.3:+0.0829 0.4:+0.0804 0.5:+0.0766 0.6:+0.0714 0.7:+0.0649 0.8:+0.0571 0.9:+0.0479 1.0:+0.0374
[   84.8s]          -> curved invariant alone r2=+0.0823; best with room term a=0.2 r2=+0.0840
[   84.8s]       halves >=15 persons: 3998 splits, 1,592,646 pairs | room specific W r2=+0.0371  pooled W r2=+0.0775  | best blend a=0.2 r2=+0.0789
[   84.8s]          blend(linear pooled, room) r2 by a: 0.0:+0.0775 0.1:+0.0788 0.2:+0.0789 0.3:+0.0778 0.4:+0.0755 0.5:+0.0721 0.6:+0.0675 0.7:+0.0616 0.8:+0.0546 0.9:+0.0464 1.0:+0.0371
[   84.8s]          blend(CURVED pooled, room) r2 by a: 0.0:+0.0830 0.1:+0.0844 0.2:+0.0845 0.3:+0.0833 0.4:+0.0807 0.5:+0.0767 0.6:+0.0715 0.7:+0.0649 0.8:+0.0569 0.9:+0.0477 1.0:+0.0371
[   84.8s]          -> curved invariant alone r2=+0.0830; best with room term a=0.2 r2=+0.0845
[   84.8s]       halves >=40 persons: 3538 splits, 1,415,200 pairs | room specific W r2=+0.0435  pooled W r2=+0.0783  | best blend a=0.2 r2=+0.0800
[   84.8s]          blend(linear pooled, room) r2 by a: 0.0:+0.0783 0.1:+0.0797 0.2:+0.0800 0.3:+0.0792 0.4:+0.0773 0.5:+0.0743 0.6:+0.0703 0.7:+0.0652 0.8:+0.0591 0.9:+0.0518 1.0:+0.0435
[   84.8s]          blend(CURVED pooled, room) r2 by a: 0.0:+0.0842 0.1:+0.0856 0.2:+0.0858 0.3:+0.0848 0.4:+0.0825 0.5:+0.0791 0.6:+0.0744 0.7:+0.0685 0.8:+0.0614 0.9:+0.0531 1.0:+0.0435
[   84.8s]          -> curved invariant alone r2=+0.0842; best with room term a=0.2 r2=+0.0858
[   84.8s] per room W panel + PERMUTATION heterogeneity null (rooms >=10 persons, capped at 40) ...
[   84.8s]    panel rooms=400  persons in panel=15,979
[   84.8s]    usable panel rooms=400
[   99.4s]    wild bootstrap draws=200  (pooled panel W=
[[-0.1161  0.2639]
 [ 0.2192 -0.0749]])
[  111.0s]    per room reliability lambda: plasticity mean=0.213 sd=0.167; stability mean=0.279 sd=0.202
[  111.0s]    dPlasticity->dMatterManner     rooms=  400 meanW=-0.1146 sd(obs)=0.1908 sd(wild null)=0.1844 p=0.1642 excess tau=0.0492 | reliability controlled: sd=2.5983 vs null 2.5951 p=0.4876 tau=0.1278
[  111.0s]    dPlasticity->dOriginality      rooms=  400 meanW=+0.2597 sd(obs)=0.1928 sd(wild null)=0.1905 p=0.3881 excess tau=0.0294 | reliability controlled: sd=3.0851 vs null 3.1859 p=0.7512 tau=0.0000
[  111.0s]    dStability->dMatterManner      rooms=  400 meanW=+0.2208 sd(obs)=0.2294 sd(wild null)=0.1952 p=0.0050 excess tau=0.1206 | reliability controlled: sd=3.7560 vs null 3.1509 p=0.0050 tau=2.0445
[  111.0s]    dStability->dOriginality       rooms=  400 meanW=-0.0915 sd(obs)=0.2176 sd(wild null)=0.2026 p=0.0398 excess tau=0.0795 | reliability controlled: sd=3.2502 vs null 2.7854 p=0.0100 tau=1.6749
[  111.0s]    corr(log mean rows per person in room, W_r[dPlasticity->dMatterManner]) = -0.045
[  111.0s]    corr(log mean rows per person in room, W_r[dPlasticity->dOriginality]) = -0.017
[  111.0s]    corr(log mean rows per person in room, W_r[dStability->dMatterManner]) = -0.085
[  111.0s]    corr(log mean rows per person in room, W_r[dStability->dOriginality]) = -0.018
[  111.0s] reliability of person room P and disattenuated W ...
[  111.0s]    observed cov(dP)=
[[ 1.684  -0.4965]
 [-0.4965  1.6622]]
[  111.0s]    error    cov(dP)=
[[ 1.3085 -0.3509]
 [-0.3509  1.1746]]
[  111.0s]    reliability lambda: plasticity=0.223 stability=0.293
[  111.0s]    disattenuated W=
[[-0.4957  1.2881]
 [ 0.7091 -0.1842]]
[  111.0s] within room (differencing) against between room (room mean) slopes ...
[  111.0s]    naive pooled LEVEL slope (no room term)=
[[-0.1368  0.2932]
 [ 0.2063 -0.0814]]
[  111.0s]    BETWEEN room slope (room means)=
[[-0.2673  0.3813]
 [ 0.1594 -0.0779]]
[  111.0s]    WITHIN room slope (this test)=
[[-0.1071  0.2785]
 [ 0.2194 -0.0836]]
[  111.0s] exact room centred fit (all persons, no pair cap) as a cross check on the pair sampling ...
[  111.1s]    exact within room W=
[[-0.1109  0.2765]
 [ 0.2193 -0.0844]]
[  111.1s] circularity check: P read ONLY from the person's OTHER rooms, C from this room ...
[  111.4s]    leave room out records=3,914 in 302 rooms
[  111.4s]    leave room out W=
[[-0.0098  0.1669]
 [-0.0041 -0.0944]]
[  111.4s]    POWER dPlasticity->dMatterManner: sampling sd=0.1844  min detectable tau=0.0799  observed excess=0.0492  (to halve the floor: 160 persons per room at 400 rooms, or 6400 rooms at 40 persons)
[  111.4s]    POWER dPlasticity->dOriginality: sampling sd=0.1905  min detectable tau=0.0812  observed excess=0.0294  (to halve the floor: 160 persons per room at 400 rooms, or 6400 rooms at 40 persons)
[  111.4s]    POWER dStability->dMatterManner: sampling sd=0.1952  min detectable tau=0.0826  observed excess=0.1206  (to halve the floor: 160 persons per room at 400 rooms, or 6400 rooms at 40 persons)
[  111.4s]    POWER dStability->dOriginality: sampling sd=0.2026  min detectable tau=0.0897  observed excess=0.0795  (to halve the floor: 160 persons per room at 400 rooms, or 6400 rooms at 40 persons)
[  111.5s] wrote /mnt/nas/kronaxis/corpora/exp_diff_invariance_rep/panel_reddit_small.json
[  111.5s] done
############ CELL reddit_small DONE rc=0 2026-09-03T09:56:20+00:00
############ CELL reddit_small_7b 2026-09-03T09:56:20+00:00
[    0.1s] building the canonical matter against manner ruler ...
[   20.2s] PC1 loadings: rigour=+0.44, depth=+0.40, originality=+0.23, candour=+0.39, affect=-0.35, commercial_drive=-0.26, stance=+0.37, register=-0.34
[   20.2s] ruler rows=2,648,406
[   20.2s] pulling rows (table=reddit_wide person=author room=subreddit disp=disp_d8_behav_7b char=char) ...
[   30.8s] usable rows=77,079  persons=47,513  domains=400
[   30.8s] aggregating each person WITHIN each room ...
[   33.0s] person room records=49,864  (rows with >=2 posts contribute df=27,215 to S_w)
[   33.1s] rooms with >=5 persons: 400   person room records kept: 49,864   distinct persons: 47,513
[   33.2s] forming within room pairs (cap 200 unordered per room, both orderings kept) ...
[   33.3s] pooled pairs: 160,000 ordered rows (80,000 unordered) across 400 rooms
[   33.4s] POOLED W (rows = dPlasticity, dStability ; cols = dMatterManner, dOriginality):
[   33.4s]    [[-0.0288  0.1729]
 [ 0.1673 -0.1842]]
[   33.4s]    in sample rmse=1.3259 r2=0.0409
[   33.4s] room block bootstrap for the pooled W (400 draws) ...
[   41.7s]    W[dPlasticity->dMatterManner ] = -0.0288  se 0.0073  95% CI [-0.0420, -0.0129]
[   41.7s]    W[dPlasticity->dOriginality  ] = +0.1729  se 0.0063  95% CI [+0.1595, +0.1846]
[   41.7s]    W[dStability ->dMatterManner ] = +0.1673  se 0.0080  95% CI [+0.1515, +0.1818]
[   41.7s]    W[dStability ->dOriginality  ] = -0.1842  se 0.0072  95% CI [-0.1973, -0.1697]
[   50.0s]    curvature model in sample rmse=1.3205 r2=0.0487 (linear r2=0.0409)
[   50.0s]    curvature term dPlas*Pbar_plas      -> MM -0.1583 (se 0.0089)   Orig -0.0193 (se 0.0096)
[   50.0s]    curvature term dPlas*Pbar_stab      -> MM +0.0226 (se 0.0067)   Orig -0.0004 (se 0.0085)
[   50.0s]    curvature term dStab*Pbar_plas      -> MM +0.0186 (se 0.0066)   Orig -0.0075 (se 0.0079)
[   50.0s]    curvature term dStab*Pbar_stab      -> MM -0.0466 (se 0.0078)   Orig -0.0430 (se 0.0095)
[   50.0s]    scalar comparison  dPlasticity -> dMatterManner = -0.0131
[   50.1s] INTERCEPT CHECK (both orderings, algebraically exact zero): [-1.94289029e-18  1.11022302e-18]
[   58.5s] INTERCEPT CHECK (single arbitrary ordering, a real test): [-1.17756934e-18  1.57009246e-18] se [0.00478433 0.00504483]
[   58.5s] shuffle null: permuting P across persons WITHIN each room, characters left in place ...
[   58.5s]    shuffled W:
[[ 0.0103  0.0033]
 [-0.0053  0.0025]]
[   58.5s]    shuffled in sample rmse=1.3539 r2=0.0001  (real r2=0.0409)
[   58.7s] room grouped CV, K=5, WITH person leakage (diagnostic) ...
[   63.5s]    leaky K=5: pooled held out rmse=1.3211 r2=0.0397 | invariant but nonlinear g: r2=0.0480 (kept 100.0% of held out pair mass, 160,000 ordered pairs)
[   63.5s]       halves >=5 persons: 800 splits, 319,012 pairs | room specific W r2=+0.0068  pooled W r2=+0.0411  | best blend a=0.2 r2=+0.0434
[   63.5s]          blend(linear pooled, room) r2 by a: 0.0:+0.0411 0.1:+0.0428 0.2:+0.0434 0.3:+0.0429 0.4:+0.0412 0.5:+0.0383 0.6:+0.0343 0.7:+0.0291 0.8:+0.0228 0.9:+0.0154 1.0:+0.0068
[   63.5s]          blend(CURVED pooled, room) r2 by a: 0.0:+0.0495 0.1:+0.0511 0.2:+0.0514 0.3:+0.0504 0.4:+0.0480 0.5:+0.0444 0.6:+0.0395 0.7:+0.0333 0.8:+0.0257 0.9:+0.0169 1.0:+0.0068
[   63.5s]          -> curved invariant alone r2=+0.0495; best with room term a=0.2 r2=+0.0514
[   63.5s]       halves >=15 persons: 800 splits, 319,012 pairs | room specific W r2=+0.0035  pooled W r2=+0.0414  | best blend a=0.2 r2=+0.0432
[   63.5s]          blend(linear pooled, room) r2 by a: 0.0:+0.0414 0.1:+0.0429 0.2:+0.0432 0.3:+0.0424 0.4:+0.0403 0.5:+0.0371 0.6:+0.0327 0.7:+0.0272 0.8:+0.0205 0.9:+0.0126 1.0:+0.0035
[   63.5s]          blend(CURVED pooled, room) r2 by a: 0.0:+0.0495 0.1:+0.0508 0.2:+0.0509 0.3:+0.0496 0.4:+0.0470 0.5:+0.0431 0.6:+0.0378 0.7:+0.0312 0.8:+0.0233 0.9:+0.0140 1.0:+0.0035
[   63.5s]          -> curved invariant alone r2=+0.0495; best with room term a=0.2 r2=+0.0509
[   63.5s]       halves >=40 persons: 724 splits, 289,600 pairs | room specific W r2=+0.0051  pooled W r2=+0.0424  | best blend a=0.2 r2=+0.0438
[   63.5s]          blend(linear pooled, room) r2 by a: 0.0:+0.0424 0.1:+0.0437 0.2:+0.0438 0.3:+0.0429 0.4:+0.0408 0.5:+0.0376 0.6:+0.0334 0.7:+0.0280 0.8:+0.0215 0.9:+0.0139 1.0:+0.0051
[   63.5s]          blend(CURVED pooled, room) r2 by a: 0.0:+0.0506 0.1:+0.0517 0.2:+0.0516 0.3:+0.0502 0.4:+0.0476 0.5:+0.0437 0.6:+0.0385 0.7:+0.0321 0.8:+0.0244 0.9:+0.0154 1.0:+0.0051
[   63.5s]          -> curved invariant alone r2=+0.0506; best with room term a=0.1 r2=+0.0517
[   63.5s] room grouped CV, K=5, person leakage REMOVED ...
[   68.2s]    clean K=5: pooled held out rmse=1.3162 r2=0.0409 | invariant but nonlinear g: r2=0.0478 (kept 100.0% of held out pair mass, 160,000 ordered pairs)
[   68.2s]       halves >=5 persons: 800 splits, 318,478 pairs | room specific W r2=-0.0032  pooled W r2=+0.0399  | best blend a=0.2 r2=+0.0414
[   68.2s]          blend(linear pooled, room) r2 by a: 0.0:+0.0399 0.1:+0.0413 0.2:+0.0414 0.3:+0.0403 0.4:+0.0379 0.5:+0.0342 0.6:+0.0292 0.7:+0.0230 0.8:+0.0156 0.9:+0.0068 1.0:-0.0032
[   68.2s]          blend(CURVED pooled, room) r2 by a: 0.0:+0.0469 0.1:+0.0482 0.2:+0.0482 0.3:+0.0467 0.4:+0.0438 0.5:+0.0395 0.6:+0.0338 0.7:+0.0267 0.8:+0.0181 0.9:+0.0082 1.0:-0.0032
[   68.2s]          -> curved invariant alone r2=+0.0469; best with room term a=0.1 r2=+0.0482
[   68.2s]       halves >=15 persons: 798 splits, 318,086 pairs | room specific W r2=+0.0019  pooled W r2=+0.0400  | best blend a=0.2 r2=+0.0426
[   68.2s]          blend(linear pooled, room) r2 by a: 0.0:+0.0400 0.1:+0.0420 0.2:+0.0426 0.3:+0.0420 0.4:+0.0401 0.5:+0.0369 0.6:+0.0325 0.7:+0.0267 0.8:+0.0197 0.9:+0.0114 1.0:+0.0019
[   68.2s]          blend(CURVED pooled, room) r2 by a: 0.0:+0.0475 0.1:+0.0494 0.2:+0.0498 0.3:+0.0488 0.4:+0.0464 0.5:+0.0426 0.6:+0.0373 0.7:+0.0306 0.8:+0.0224 0.9:+0.0129 1.0:+0.0019
[   68.2s]          -> curved invariant alone r2=+0.0475; best with room term a=0.2 r2=+0.0498
[   68.2s]       halves >=40 persons: 700 splits, 280,000 pairs | room specific W r2=+0.0040  pooled W r2=+0.0404  | best blend a=0.2 r2=+0.0425
[   68.2s]          blend(linear pooled, room) r2 by a: 0.0:+0.0404 0.1:+0.0420 0.2:+0.0425 0.3:+0.0418 0.4:+0.0399 0.5:+0.0368 0.6:+0.0326 0.7:+0.0272 0.8:+0.0207 0.9:+0.0129 1.0:+0.0040
[   68.2s]          blend(CURVED pooled, room) r2 by a: 0.0:+0.0474 0.1:+0.0490 0.2:+0.0493 0.3:+0.0483 0.4:+0.0460 0.5:+0.0423 0.6:+0.0373 0.7:+0.0310 0.8:+0.0233 0.9:+0.0143 1.0:+0.0040
[   68.2s]          -> curved invariant alone r2=+0.0474; best with room term a=0.2 r2=+0.0493
[   68.2s] room grouped CV, K=2 (50/50 rooms) x 5 repeats, person leakage REMOVED ...
[   89.1s]    clean K=2 x5: pooled held out rmse=1.3183 r2=0.0414 | invariant but nonlinear g: r2=0.0482 (kept 100.0% of held out pair mass, 800,000 ordered pairs)
[   89.1s]       halves >=5 persons: 4000 splits, 1,593,038 pairs | room specific W r2=+0.0007  pooled W r2=+0.0405  | best blend a=0.2 r2=+0.0427
[   89.1s]          blend(linear pooled, room) r2 by a: 0.0:+0.0405 0.1:+0.0422 0.2:+0.0427 0.3:+0.0419 0.4:+0.0398 0.5:+0.0364 0.6:+0.0318 0.7:+0.0259 0.8:+0.0188 0.9:+0.0103 1.0:+0.0007
[   89.1s]          blend(CURVED pooled, room) r2 by a: 0.0:+0.0472 0.1:+0.0490 0.2:+0.0493 0.3:+0.0482 0.4:+0.0457 0.5:+0.0418 0.6:+0.0364 0.7:+0.0296 0.8:+0.0214 0.9:+0.0117 1.0:+0.0007
[   89.1s]          -> curved invariant alone r2=+0.0472; best with room term a=0.2 r2=+0.0493
[   89.1s]       halves >=15 persons: 3998 splits, 1,592,646 pairs | room specific W r2=+0.0023  pooled W r2=+0.0407  | best blend a=0.2 r2=+0.0432
[   89.1s]          blend(linear pooled, room) r2 by a: 0.0:+0.0407 0.1:+0.0426 0.2:+0.0432 0.3:+0.0425 0.4:+0.0406 0.5:+0.0373 0.6:+0.0329 0.7:+0.0271 0.8:+0.0201 0.9:+0.0118 1.0:+0.0023
[   89.1s]          blend(CURVED pooled, room) r2 by a: 0.0:+0.0473 0.1:+0.0492 0.2:+0.0497 0.3:+0.0488 0.4:+0.0464 0.5:+0.0426 0.6:+0.0374 0.7:+0.0308 0.8:+0.0227 0.9:+0.0132 1.0:+0.0023
[   89.1s]          -> curved invariant alone r2=+0.0473; best with room term a=0.2 r2=+0.0497
[   89.1s]       halves >=40 persons: 3538 splits, 1,415,200 pairs | room specific W r2=+0.0065  pooled W r2=+0.0416  | best blend a=0.2 r2=+0.0437
[   89.1s]          blend(linear pooled, room) r2 by a: 0.0:+0.0416 0.1:+0.0432 0.2:+0.0437 0.3:+0.0431 0.4:+0.0413 0.5:+0.0383 0.6:+0.0342 0.7:+0.0290 0.8:+0.0227 0.9:+0.0151 1.0:+0.0065
[   89.1s]          blend(CURVED pooled, room) r2 by a: 0.0:+0.0487 0.1:+0.0503 0.2:+0.0507 0.3:+0.0497 0.4:+0.0474 0.5:+0.0438 0.6:+0.0390 0.7:+0.0328 0.8:+0.0253 0.9:+0.0166 1.0:+0.0065
[   89.1s]          -> curved invariant alone r2=+0.0487; best with room term a=0.2 r2=+0.0507
[   89.1s] per room W panel + PERMUTATION heterogeneity null (rooms >=60 persons, capped at 200) ...
[   89.1s]    panel rooms=387  persons in panel=49,236
[   89.2s]    usable panel rooms=387
[  110.2s]    wild bootstrap draws=200  (pooled panel W=
[[-0.0228  0.1748]
 [ 0.1786 -0.1806]])
[  127.7s]    per room reliability lambda: plasticity mean=0.161 sd=0.133; stability mean=0.176 sd=0.161
[  127.7s]    dPlasticity->dMatterManner     rooms=  387 meanW=-0.0199 sd(obs)=0.1191 sd(wild null)=0.1004 p=0.0050 excess tau=0.0640 | reliability controlled: sd=1.7264 vs null 1.4990 p=0.0050 tau=0.8563
[  127.7s]    dPlasticity->dOriginality      rooms=  387 meanW=+0.1720 sd(obs)=0.1108 sd(wild null)=0.1013 p=0.0100 excess tau=0.0449 | reliability controlled: sd=2.0975 vs null 1.9135 p=0.0249 tau=0.8589
[  127.7s]    dStability->dMatterManner      rooms=  387 meanW=+0.1670 sd(obs)=0.1441 sd(wild null)=0.1041 p=0.0050 excess tau=0.0996 | reliability controlled: sd=2.2984 vs null 2.1763 p=0.0896 tau=0.7390
[  127.7s]    dStability->dOriginality       rooms=  387 meanW=-0.1893 sd(obs)=0.1317 sd(wild null)=0.1069 p=0.0050 excess tau=0.0770 | reliability controlled: sd=2.7197 vs null 2.2156 p=0.0050 tau=1.5773
[  127.7s]    corr(log mean rows per person in room, W_r[dPlasticity->dMatterManner]) = -0.098
[  127.7s]    corr(log mean rows per person in room, W_r[dPlasticity->dOriginality]) = -0.113
[  127.7s]    corr(log mean rows per person in room, W_r[dStability->dMatterManner]) = -0.087
[  127.7s]    corr(log mean rows per person in room, W_r[dStability->dOriginality]) = -0.008
[  127.7s] reliability of person room P and disattenuated W ...
[  127.7s]    observed cov(dP)=
[[1.7719 0.1659]
 [0.1659 1.7404]]
[  127.7s]    error    cov(dP)=
[[1.4856 0.1207]
 [0.1207 1.4808]]
[  127.7s]    reliability lambda: plasticity=0.162 stability=0.149
[  127.7s]    disattenuated W=
[[-0.2623  1.1726]
 [ 1.1492 -1.3282]]
[  127.7s] within room (differencing) against between room (room mean) slopes ...
[  127.8s]    naive pooled LEVEL slope (no room term)=
[[-0.0405  0.1887]
 [ 0.1721 -0.1807]]
[  127.8s]    BETWEEN room slope (room means)=
[[-0.1901  0.3073]
 [ 0.1413 -0.1902]]
[  127.8s]    WITHIN room slope (this test)=
[[-0.0288  0.1729]
 [ 0.1673 -0.1842]]
[  127.8s] exact room centred fit (all persons, no pair cap) as a cross check on the pair sampling ...
[  127.8s]    exact within room W=
[[-0.0226  0.1748]
 [ 0.1779 -0.1808]]
[  127.8s] circularity check: P read ONLY from the person's OTHER rooms, C from this room ...
[  128.2s]    leave room out records=3,914 in 302 rooms
[  128.2s]    leave room out W=
[[ 0.0069  0.0767]
 [ 0.0087 -0.0788]]
[  128.2s]    POWER dPlasticity->dMatterManner: sampling sd=0.1004  min detectable tau=0.0457  observed excess=0.0640  (to halve the floor: 524 persons per room at 387 rooms, or 6192 rooms at 131 persons)
[  128.2s]    POWER dPlasticity->dOriginality: sampling sd=0.1013  min detectable tau=0.0421  observed excess=0.0449  (to halve the floor: 524 persons per room at 387 rooms, or 6192 rooms at 131 persons)
[  128.2s]    POWER dStability->dMatterManner: sampling sd=0.1041  min detectable tau=0.0503  observed excess=0.0996  (to halve the floor: 524 persons per room at 387 rooms, or 6192 rooms at 131 persons)
[  128.2s]    POWER dStability->dOriginality: sampling sd=0.1069  min detectable tau=0.0496  observed excess=0.0770  (to halve the floor: 524 persons per room at 387 rooms, or 6192 rooms at 131 persons)
[  128.2s] wrote /mnt/nas/kronaxis/corpora/exp_diff_invariance_rep/panel_reddit_small_7b.json
[  128.2s] done
############ CELL reddit_small_7b DONE rc=0 2026-09-03T09:58:29+00:00
ALLDONE
