###### reddit sweep 2026-09-03T10:01:21+00:00
[    0.0s] building the canonical matter against manner ruler ...
[   19.9s] PC1 loadings: rigour=+0.44, depth=+0.40, originality=+0.23, candour=+0.39, affect=-0.35, commercial_drive=-0.26, stance=+0.37, register=-0.34
[   19.9s] ruler rows=2,648,406
[   19.9s] pulling rows (table=reddit_wide person=author room=subreddit disp=disp_d8_behav_27b char=char) ...
[   26.6s] usable rows=77,078  persons=47,512  domains=400
[   26.6s] aggregating each person WITHIN each room ...
[   28.4s] person room records=49,863  (rows with >=2 posts contribute df=27,215 to S_w)
[   28.4s] rooms with >=5 persons: 400   person room records kept: 49,863   distinct persons: 47,512
[   28.5s] forming within room pairs (cap 200 unordered per room, both orderings kept) ...
[   28.6s] pooled pairs: 160,000 ordered rows (80,000 unordered) across 400 rooms
[   28.7s] POOLED W (rows = dPlasticity, dStability ; cols = dMatterManner, dOriginality):
[   28.7s]    [[-0.1041  0.2795]
 [ 0.2208 -0.0775]]
[   28.7s]    in sample rmse=1.2967 r2=0.0777
[   28.7s] room block bootstrap for the pooled W (400 draws) ...
[   34.0s]    W[dPlasticity->dMatterManner ] = -0.1041  se 0.0068  95% CI [-0.1182, -0.0908]
[   34.0s]    W[dPlasticity->dOriginality  ] = +0.2795  se 0.0071  95% CI [+0.2665, +0.2939]
[   34.0s]    W[dStability ->dMatterManner ] = +0.2208  se 0.0083  95% CI [+0.2060, +0.2363]
[   34.0s]    W[dStability ->dOriginality  ] = -0.0775  se 0.0079  95% CI [-0.0912, -0.0615]
[   38.7s]    curvature model in sample rmse=1.2912 r2=0.0854 (linear r2=0.0777)
[   38.7s]    curvature term dPlas*Pbar_plas      -> MM -0.1502 (se 0.0103)   Orig -0.0165 (se 0.0128)
[   38.7s]    curvature term dPlas*Pbar_stab      -> MM -0.0230 (se 0.0084)   Orig +0.0279 (se 0.0096)
[   38.7s]    curvature term dStab*Pbar_plas      -> MM -0.0317 (se 0.0085)   Orig +0.0149 (se 0.0100)
[   38.7s]    curvature term dStab*Pbar_stab      -> MM -0.0674 (se 0.0102)   Orig -0.1069 (se 0.0114)
[   38.7s]    scalar comparison  dPlasticity -> dMatterManner = -0.1680
[   38.7s] INTERCEPT CHECK (both orderings, algebraically exact zero): [-5.55111512e-19 -1.11022302e-18]
[   40.9s] INTERCEPT CHECK (single arbitrary ordering, a real test): [3.92523115e-19 1.57009246e-18] se [0.00411679 0.00471245]
[   40.9s] shuffle null: permuting P across persons WITHIN each room, characters left in place ...
[   40.9s]    shuffled W:
[[-0.0009 -0.0002]
 [-0.0009 -0.0006]]
[   40.9s]    shuffled in sample rmse=1.3502 r2=0.0000  (real r2=0.0777)
[   41.0s] room grouped CV, K=5, WITH person leakage (diagnostic) ...
[   46.6s]    leaky K=5: pooled held out rmse=1.2979 r2=0.0786 | invariant but nonlinear g: r2=0.0868 (kept 100.0% of held out pair mass, 160,000 ordered pairs)
[   46.6s]       halves >=5 persons: 800 splits, 319,012 pairs | room specific W r2=+0.0306  pooled W r2=+0.0767  | best blend a=0.1 r2=+0.0773
[   46.6s]          blend(linear pooled, room) r2 by a: 0.0:+0.0767 0.1:+0.0773 0.2:+0.0768 0.3:+0.0751 0.4:+0.0722 0.5:+0.0682 0.6:+0.0630 0.7:+0.0567 0.8:+0.0491 0.9:+0.0405 1.0:+0.0306
[   46.6s]          blend(CURVED pooled, room) r2 by a: 0.0:+0.0847 0.1:+0.0853 0.2:+0.0846 0.3:+0.0825 0.4:+0.0791 0.5:+0.0744 0.6:+0.0683 0.7:+0.0609 0.8:+0.0521 0.9:+0.0420 1.0:+0.0306
[   46.6s]          -> curved invariant alone r2=+0.0847; best with room term a=0.1 r2=+0.0853
[   46.6s]       halves >=10 persons: 800 splits, 319,012 pairs | room specific W r2=+0.0397  pooled W r2=+0.0767  | best blend a=0.2 r2=+0.0778
[   46.6s]          blend(linear pooled, room) r2 by a: 0.0:+0.0767 0.1:+0.0778 0.2:+0.0778 0.3:+0.0768 0.4:+0.0747 0.5:+0.0716 0.6:+0.0673 0.7:+0.0620 0.8:+0.0557 0.9:+0.0482 1.0:+0.0397
[   46.6s]          blend(CURVED pooled, room) r2 by a: 0.0:+0.0841 0.1:+0.0852 0.2:+0.0851 0.3:+0.0838 0.4:+0.0812 0.5:+0.0774 0.6:+0.0723 0.7:+0.0660 0.8:+0.0585 0.9:+0.0497 1.0:+0.0397
[   46.6s]          -> curved invariant alone r2=+0.0841; best with room term a=0.1 r2=+0.0852
[   46.6s]       halves >=20 persons: 790 splits, 315,960 pairs | room specific W r2=+0.0380  pooled W r2=+0.0777  | best blend a=0.1 r2=+0.0785
[   46.6s]          blend(linear pooled, room) r2 by a: 0.0:+0.0777 0.1:+0.0785 0.2:+0.0783 0.3:+0.0770 0.4:+0.0747 0.5:+0.0712 0.6:+0.0667 0.7:+0.0612 0.8:+0.0545 0.9:+0.0468 1.0:+0.0380
[   46.6s]          blend(CURVED pooled, room) r2 by a: 0.0:+0.0856 0.1:+0.0864 0.2:+0.0860 0.3:+0.0843 0.4:+0.0814 0.5:+0.0772 0.6:+0.0719 0.7:+0.0653 0.8:+0.0574 0.9:+0.0483 1.0:+0.0380
[   46.6s]          -> curved invariant alone r2=+0.0856; best with room term a=0.1 r2=+0.0864
[   46.6s]       halves >=40 persons: 724 splits, 289,600 pairs | room specific W r2=+0.0401  pooled W r2=+0.0782  | best blend a=0.1 r2=+0.0790
[   46.6s]          blend(linear pooled, room) r2 by a: 0.0:+0.0782 0.1:+0.0790 0.2:+0.0788 0.3:+0.0775 0.4:+0.0753 0.5:+0.0720 0.6:+0.0676 0.7:+0.0623 0.8:+0.0559 0.9:+0.0485 1.0:+0.0401
[   46.6s]          blend(CURVED pooled, room) r2 by a: 0.0:+0.0865 0.1:+0.0872 0.2:+0.0868 0.3:+0.0851 0.4:+0.0822 0.5:+0.0782 0.6:+0.0730 0.7:+0.0666 0.8:+0.0589 0.9:+0.0501 1.0:+0.0401
[   46.6s]          -> curved invariant alone r2=+0.0865; best with room term a=0.1 r2=+0.0872
[   46.6s]       halves >=60 persons: 462 splits, 184,800 pairs | room specific W r2=+0.0432  pooled W r2=+0.0780  | best blend a=0.1 r2=+0.0787
[   46.6s]          blend(linear pooled, room) r2 by a: 0.0:+0.0780 0.1:+0.0787 0.2:+0.0784 0.3:+0.0772 0.4:+0.0750 0.5:+0.0720 0.6:+0.0681 0.7:+0.0632 0.8:+0.0575 0.9:+0.0508 1.0:+0.0432
[   46.6s]          blend(CURVED pooled, room) r2 by a: 0.0:+0.0854 0.1:+0.0860 0.2:+0.0855 0.3:+0.0839 0.4:+0.0813 0.5:+0.0776 0.6:+0.0729 0.7:+0.0671 0.8:+0.0602 0.9:+0.0523 1.0:+0.0432
[   46.6s]          -> curved invariant alone r2=+0.0854; best with room term a=0.1 r2=+0.0860
[   46.6s]       halves >=80 persons: 8 splits, 3,200 pairs | room specific W r2=+0.0537  pooled W r2=+0.0862  | best blend a=0.0 r2=+0.0862
[   46.6s]          blend(linear pooled, room) r2 by a: 0.0:+0.0862 0.1:+0.0859 0.2:+0.0850 0.3:+0.0834 0.4:+0.0811 0.5:+0.0782 0.6:+0.0747 0.7:+0.0704 0.8:+0.0655 0.9:+0.0600 1.0:+0.0537
[   46.6s]          blend(CURVED pooled, room) r2 by a: 0.0:+0.0930 0.1:+0.0928 0.2:+0.0917 0.3:+0.0899 0.4:+0.0872 0.5:+0.0837 0.6:+0.0793 0.7:+0.0742 0.8:+0.0682 0.9:+0.0614 1.0:+0.0537
[   46.6s]          -> curved invariant alone r2=+0.0930; best with room term a=0.0 r2=+0.0930
[   46.6s] room grouped CV, K=5, person leakage REMOVED ...
[   52.3s]    clean K=5: pooled held out rmse=1.3002 r2=0.0768 | invariant but nonlinear g: r2=0.0828 (kept 100.0% of held out pair mass, 160,000 ordered pairs)
[   52.3s]       halves >=5 persons: 800 splits, 318,478 pairs | room specific W r2=+0.0373  pooled W r2=+0.0766  | best blend a=0.2 r2=+0.0783
[   52.3s]          blend(linear pooled, room) r2 by a: 0.0:+0.0766 0.1:+0.0780 0.2:+0.0783 0.3:+0.0773 0.4:+0.0752 0.5:+0.0718 0.6:+0.0673 0.7:+0.0616 0.8:+0.0547 0.9:+0.0466 1.0:+0.0373
[   52.3s]          blend(CURVED pooled, room) r2 by a: 0.0:+0.0822 0.1:+0.0838 0.2:+0.0840 0.3:+0.0829 0.4:+0.0804 0.5:+0.0766 0.6:+0.0714 0.7:+0.0649 0.8:+0.0570 0.9:+0.0478 1.0:+0.0373
[   52.3s]          -> curved invariant alone r2=+0.0822; best with room term a=0.2 r2=+0.0840
[   52.3s]       halves >=10 persons: 800 splits, 318,478 pairs | room specific W r2=+0.0395  pooled W r2=+0.0778  | best blend a=0.2 r2=+0.0794
[   52.3s]          blend(linear pooled, room) r2 by a: 0.0:+0.0778 0.1:+0.0792 0.2:+0.0794 0.3:+0.0785 0.4:+0.0764 0.5:+0.0732 0.6:+0.0688 0.7:+0.0632 0.8:+0.0565 0.9:+0.0486 1.0:+0.0395
[   52.3s]          blend(CURVED pooled, room) r2 by a: 0.0:+0.0835 0.1:+0.0850 0.2:+0.0853 0.3:+0.0842 0.4:+0.0817 0.5:+0.0780 0.6:+0.0729 0.7:+0.0666 0.8:+0.0589 0.9:+0.0499 1.0:+0.0395
[   52.3s]          -> curved invariant alone r2=+0.0835; best with room term a=0.2 r2=+0.0853
[   52.3s]       halves >=20 persons: 788 splits, 315,200 pairs | room specific W r2=+0.0393  pooled W r2=+0.0783  | best blend a=0.2 r2=+0.0800
[   52.3s]          blend(linear pooled, room) r2 by a: 0.0:+0.0783 0.1:+0.0797 0.2:+0.0800 0.3:+0.0791 0.4:+0.0770 0.5:+0.0737 0.6:+0.0692 0.7:+0.0635 0.8:+0.0566 0.9:+0.0486 1.0:+0.0393
[   52.3s]          blend(CURVED pooled, room) r2 by a: 0.0:+0.0839 0.1:+0.0854 0.2:+0.0857 0.3:+0.0846 0.4:+0.0821 0.5:+0.0784 0.6:+0.0732 0.7:+0.0668 0.8:+0.0590 0.9:+0.0498 1.0:+0.0393
[   52.3s]          -> curved invariant alone r2=+0.0839; best with room term a=0.2 r2=+0.0857
[   52.3s]       halves >=40 persons: 704 splits, 281,600 pairs | room specific W r2=+0.0438  pooled W r2=+0.0784  | best blend a=0.2 r2=+0.0801
[   52.3s]          blend(linear pooled, room) r2 by a: 0.0:+0.0784 0.1:+0.0798 0.2:+0.0801 0.3:+0.0793 0.4:+0.0775 0.5:+0.0746 0.6:+0.0706 0.7:+0.0655 0.8:+0.0593 0.9:+0.0521 1.0:+0.0438
[   52.3s]          blend(CURVED pooled, room) r2 by a: 0.0:+0.0833 0.1:+0.0849 0.2:+0.0852 0.3:+0.0843 0.4:+0.0822 0.5:+0.0789 0.6:+0.0743 0.7:+0.0685 0.8:+0.0615 0.9:+0.0533 1.0:+0.0438
[   52.3s]          -> curved invariant alone r2=+0.0833; best with room term a=0.2 r2=+0.0852
[   52.3s]       halves >=60 persons: 358 splits, 143,200 pairs | room specific W r2=+0.0419  pooled W r2=+0.0754  | best blend a=0.1 r2=+0.0761
[   52.3s]          blend(linear pooled, room) r2 by a: 0.0:+0.0754 0.1:+0.0761 0.2:+0.0759 0.3:+0.0748 0.4:+0.0728 0.5:+0.0699 0.6:+0.0661 0.7:+0.0614 0.8:+0.0558 0.9:+0.0493 1.0:+0.0419
[   52.3s]          blend(CURVED pooled, room) r2 by a: 0.0:+0.0808 0.1:+0.0817 0.2:+0.0815 0.3:+0.0802 0.4:+0.0779 0.5:+0.0745 0.6:+0.0701 0.7:+0.0646 0.8:+0.0581 0.9:+0.0505 1.0:+0.0419
[   52.3s]          -> curved invariant alone r2=+0.0808; best with room term a=0.1 r2=+0.0817
[   52.3s]       halves >=80 persons: 2 splits, 800 pairs | room specific W r2=+0.1003  pooled W r2=+0.0936  | best blend a=0.6 r2=+0.1122
[   52.3s]          blend(linear pooled, room) r2 by a: 0.0:+0.0936 0.1:+0.0998 0.2:+0.1047 0.3:+0.1084 0.4:+0.1109 0.5:+0.1122 0.6:+0.1122 0.7:+0.1111 0.8:+0.1087 0.9:+0.1051 1.0:+0.1003
[   52.3s]          blend(CURVED pooled, room) r2 by a: 0.0:+0.0990 0.1:+0.1049 0.2:+0.1095 0.3:+0.1128 0.4:+0.1149 0.5:+0.1156 0.6:+0.1151 0.7:+0.1133 0.8:+0.1103 0.9:+0.1059 1.0:+0.1003
[   52.3s]          -> curved invariant alone r2=+0.0990; best with room term a=0.5 r2=+0.1156
[   52.3s] room grouped CV, K=2 (50/50 rooms) x 5 repeats, person leakage REMOVED ...
[   79.5s]    clean K=2 x5: pooled held out rmse=1.2912 r2=0.0776 | invariant but nonlinear g: r2=0.0831 (kept 100.0% of held out pair mass, 800,000 ordered pairs)
[   79.5s]       halves >=5 persons: 4000 splits, 1,593,038 pairs | room specific W r2=+0.0378  pooled W r2=+0.0771  | best blend a=0.2 r2=+0.0787
[   79.5s]          blend(linear pooled, room) r2 by a: 0.0:+0.0771 0.1:+0.0785 0.2:+0.0787 0.3:+0.0777 0.4:+0.0755 0.5:+0.0722 0.6:+0.0676 0.7:+0.0620 0.8:+0.0551 0.9:+0.0471 1.0:+0.0378
[   79.5s]          blend(CURVED pooled, room) r2 by a: 0.0:+0.0826 0.1:+0.0842 0.2:+0.0844 0.3:+0.0833 0.4:+0.0808 0.5:+0.0770 0.6:+0.0718 0.7:+0.0653 0.8:+0.0575 0.9:+0.0483 1.0:+0.0378
[   79.5s]          -> curved invariant alone r2=+0.0826; best with room term a=0.2 r2=+0.0844
[   79.5s]       halves >=10 persons: 4000 splits, 1,593,038 pairs | room specific W r2=+0.0390  pooled W r2=+0.0776  | best blend a=0.2 r2=+0.0792
[   79.5s]          blend(linear pooled, room) r2 by a: 0.0:+0.0776 0.1:+0.0790 0.2:+0.0792 0.3:+0.0783 0.4:+0.0762 0.5:+0.0729 0.6:+0.0685 0.7:+0.0629 0.8:+0.0561 0.9:+0.0481 1.0:+0.0390
[   79.5s]          blend(CURVED pooled, room) r2 by a: 0.0:+0.0831 0.1:+0.0847 0.2:+0.0850 0.3:+0.0839 0.4:+0.0815 0.5:+0.0777 0.6:+0.0727 0.7:+0.0662 0.8:+0.0585 0.9:+0.0494 1.0:+0.0390
[   79.5s]          -> curved invariant alone r2=+0.0831; best with room term a=0.2 r2=+0.0850
[   79.5s]       halves >=20 persons: 3940 splits, 1,576,000 pairs | room specific W r2=+0.0384  pooled W r2=+0.0787  | best blend a=0.2 r2=+0.0799
[   79.5s]          blend(linear pooled, room) r2 by a: 0.0:+0.0787 0.1:+0.0799 0.2:+0.0799 0.3:+0.0788 0.4:+0.0765 0.5:+0.0731 0.6:+0.0685 0.7:+0.0627 0.8:+0.0558 0.9:+0.0477 1.0:+0.0384
[   79.5s]          blend(CURVED pooled, room) r2 by a: 0.0:+0.0843 0.1:+0.0856 0.2:+0.0857 0.3:+0.0844 0.4:+0.0818 0.5:+0.0779 0.6:+0.0726 0.7:+0.0661 0.8:+0.0582 0.9:+0.0490 1.0:+0.0384
[   79.5s]          -> curved invariant alone r2=+0.0843; best with room term a=0.2 r2=+0.0857
[   79.5s]       halves >=40 persons: 3538 splits, 1,415,200 pairs | room specific W r2=+0.0438  pooled W r2=+0.0783  | best blend a=0.2 r2=+0.0799
[   79.5s]          blend(linear pooled, room) r2 by a: 0.0:+0.0783 0.1:+0.0797 0.2:+0.0799 0.3:+0.0792 0.4:+0.0773 0.5:+0.0744 0.6:+0.0704 0.7:+0.0653 0.8:+0.0592 0.9:+0.0520 1.0:+0.0438
[   79.5s]          blend(CURVED pooled, room) r2 by a: 0.0:+0.0842 0.1:+0.0857 0.2:+0.0859 0.3:+0.0849 0.4:+0.0827 0.5:+0.0793 0.6:+0.0746 0.7:+0.0688 0.8:+0.0617 0.9:+0.0533 1.0:+0.0438
[   79.5s]          -> curved invariant alone r2=+0.0842; best with room term a=0.2 r2=+0.0859
[   79.5s]       halves >=60 persons: 1920 splits, 768,000 pairs | room specific W r2=+0.0468  pooled W r2=+0.0784  | best blend a=0.2 r2=+0.0795
[   79.5s]          blend(linear pooled, room) r2 by a: 0.0:+0.0784 0.1:+0.0794 0.2:+0.0795 0.3:+0.0786 0.4:+0.0768 0.5:+0.0741 0.6:+0.0705 0.7:+0.0660 0.8:+0.0605 0.9:+0.0541 1.0:+0.0468
[   79.5s]          blend(CURVED pooled, room) r2 by a: 0.0:+0.0837 0.1:+0.0849 0.2:+0.0850 0.3:+0.0840 0.4:+0.0820 0.5:+0.0788 0.6:+0.0746 0.7:+0.0693 0.8:+0.0629 0.9:+0.0554 1.0:+0.0468
[   79.5s]          -> curved invariant alone r2=+0.0837; best with room term a=0.2 r2=+0.0850
[   79.5s]       halves >=80 persons: 14 splits, 5,600 pairs | room specific W r2=+0.0592  pooled W r2=+0.0797  | best blend a=0.1 r2=+0.0801
[   79.5s]          blend(linear pooled, room) r2 by a: 0.0:+0.0797 0.1:+0.0801 0.2:+0.0800 0.3:+0.0794 0.4:+0.0781 0.5:+0.0764 0.6:+0.0740 0.7:+0.0712 0.8:+0.0677 0.9:+0.0638 1.0:+0.0592
[   79.5s]          blend(CURVED pooled, room) r2 by a: 0.0:+0.0721 0.1:+0.0741 0.2:+0.0754 0.3:+0.0759 0.4:+0.0757 0.5:+0.0748 0.6:+0.0731 0.7:+0.0707 0.8:+0.0676 0.9:+0.0638 1.0:+0.0592
[   79.5s]          -> curved invariant alone r2=+0.0721; best with room term a=0.3 r2=+0.0759
[   79.5s] per room W panel + PERMUTATION heterogeneity null (rooms >=60 persons, capped at 200) ...
[   79.5s]    panel rooms=387  persons in panel=49,235
[   79.6s]    usable panel rooms=387
[   98.4s]    wild bootstrap draws=200  (pooled panel W=
[[-0.1112  0.2774]
 [ 0.2199 -0.0842]])
[  115.3s]    per room reliability lambda: plasticity mean=0.202 sd=0.144; stability mean=0.259 sd=0.181
[  115.3s]    dPlasticity->dMatterManner     rooms=  387 meanW=-0.1069 sd(obs)=0.1197 sd(wild null)=0.1022 p=0.0050 excess tau=0.0622 | reliability controlled: sd=1.3674 vs null 1.4254 p=0.7065 tau=0.0000
[  115.3s]    dPlasticity->dOriginality      rooms=  387 meanW=+0.2734 sd(obs)=0.1192 sd(wild null)=0.1061 p=0.0100 excess tau=0.0543 | reliability controlled: sd=2.0648 vs null 2.2303 p=0.9701 tau=0.0000
[  115.3s]    dStability->dMatterManner      rooms=  387 meanW=+0.2203 sd(obs)=0.1382 sd(wild null)=0.1059 p=0.0050 excess tau=0.0888 | reliability controlled: sd=2.5006 vs null 2.1273 p=0.0050 tau=1.3143
[  115.3s]    dStability->dOriginality       rooms=  387 meanW=-0.0930 sd(obs)=0.1356 sd(wild null)=0.1140 p=0.0050 excess tau=0.0736 | reliability controlled: sd=2.0417 vs null 1.6204 p=0.0050 tau=1.2421
[  115.3s]    corr(log mean rows per person in room, W_r[dPlasticity->dMatterManner]) = -0.003
[  115.3s]    corr(log mean rows per person in room, W_r[dPlasticity->dOriginality]) = -0.055
[  115.3s]    corr(log mean rows per person in room, W_r[dStability->dMatterManner]) = -0.002
[  115.3s]    corr(log mean rows per person in room, W_r[dStability->dOriginality]) = -0.032
[  115.3s] reliability of person room P and disattenuated W ...
[  115.3s]    observed cov(dP)=
[[ 1.6781 -0.486 ]
 [-0.486   1.6582]]
[  115.3s]    error    cov(dP)=
[[ 1.3098 -0.3513]
 [-0.3513  1.1758]]
[  115.3s]    reliability lambda: plasticity=0.219 stability=0.291
[  115.3s]    disattenuated W=
[[-0.5007  1.3088]
 [ 0.724  -0.1824]]
[  115.3s] within room (differencing) against between room (room mean) slopes ...
[  115.4s]    naive pooled LEVEL slope (no room term)=
[[-0.1368  0.2932]
 [ 0.2063 -0.0814]]
[  115.4s]    BETWEEN room slope (room means)=
[[-0.2673  0.3813]
 [ 0.1594 -0.0779]]
[  115.4s]    WITHIN room slope (this test)=
[[-0.1041  0.2795]
 [ 0.2208 -0.0775]]
[  115.4s] exact room centred fit (all persons, no pair cap) as a cross check on the pair sampling ...
[  115.4s]    exact within room W=
[[-0.1109  0.2765]
 [ 0.2193 -0.0844]]
[  115.4s] circularity check: P read ONLY from the person's OTHER rooms, C from this room ...
[  116.0s]    leave room out records=3,914 in 302 rooms
[  116.0s]    leave room out W=
[[-0.0098  0.1669]
 [-0.0041 -0.0944]]
[  116.0s]    POWER dPlasticity->dMatterManner: sampling sd=0.1022  min detectable tau=0.0447  observed excess=0.0622  (to halve the floor: 524 persons per room at 387 rooms, or 6192 rooms at 131 persons)
[  116.0s]    POWER dPlasticity->dOriginality: sampling sd=0.1061  min detectable tau=0.0495  observed excess=0.0543  (to halve the floor: 524 persons per room at 387 rooms, or 6192 rooms at 131 persons)
[  116.0s]    POWER dStability->dMatterManner: sampling sd=0.1059  min detectable tau=0.0485  observed excess=0.0888  (to halve the floor: 524 persons per room at 387 rooms, or 6192 rooms at 131 persons)
[  116.0s]    POWER dStability->dOriginality: sampling sd=0.1140  min detectable tau=0.0507  observed excess=0.0736  (to halve the floor: 524 persons per room at 387 rooms, or 6192 rooms at 131 persons)
[  116.0s] wrote internal_store/exp_diff_invariance_rep/panel_reddit_sweep.json
[  116.0s] done
###### news sweep 2026-09-03T10:03:18+00:00
[    0.0s] building the canonical matter against manner ruler ...
[   38.3s] PC1 loadings: rigour=+0.44, depth=+0.40, originality=+0.23, candour=+0.39, affect=-0.35, commercial_drive=-0.26, stance=+0.37, register=-0.34
[   38.3s] ruler rows=2,648,406
[   38.3s] pulling rows (table=news_topic person=author room=topic disp=disp_d8 char=char_dweb) ...
[   40.7s] usable rows=33,920  persons=1,367  domains=24
[   40.7s] aggregating each person WITHIN each room ...
[   40.9s] person room records=4,043  (rows with >=2 posts contribute df=29,877 to S_w)
[   40.9s] rooms with >=5 persons: 24   person room records kept: 4,043   distinct persons: 1,367
[   40.9s] forming within room pairs (cap 200 unordered per room, both orderings kept) ...
[   41.0s] pooled pairs: 9,596 ordered rows (4,798 unordered) across 24 rooms
[   41.0s] POOLED W (rows = dPlasticity, dStability ; cols = dMatterManner, dOriginality):
[   41.0s]    [[ 0.0747  0.2727]
 [ 0.0747 -0.1802]]
[   41.0s]    in sample rmse=1.3685 r2=0.0607
[   41.0s] room block bootstrap for the pooled W (400 draws) ...
[   41.5s]    W[dPlasticity->dMatterManner ] = +0.0747  se 0.0283  95% CI [+0.0238, +0.1332]
[   41.5s]    W[dPlasticity->dOriginality  ] = +0.2727  se 0.0346  95% CI [+0.2055, +0.3433]
[   41.5s]    W[dStability ->dMatterManner ] = +0.0747  se 0.0261  95% CI [+0.0244, +0.1264]
[   41.5s]    W[dStability ->dOriginality  ] = -0.1802  se 0.0302  95% CI [-0.2372, -0.1196]
[   42.0s]    curvature model in sample rmse=1.3602 r2=0.0721 (linear r2=0.0607)
[   42.0s]    curvature term dPlas*Pbar_plas      -> MM -0.0197 (se 0.0347)   Orig +0.0660 (se 0.0392)
[   42.0s]    curvature term dPlas*Pbar_stab      -> MM -0.0345 (se 0.0193)   Orig -0.0522 (se 0.0261)
[   42.0s]    curvature term dStab*Pbar_plas      -> MM +0.0108 (se 0.0211)   Orig -0.0306 (se 0.0278)
[   42.0s]    curvature term dStab*Pbar_stab      -> MM +0.1462 (se 0.0376)   Orig +0.1043 (se 0.0402)
[   42.0s]    scalar comparison  dPlasticity -> dMatterManner = +0.0739
[   42.0s] INTERCEPT CHECK (both orderings, algebraically exact zero): [-2.26670554e-18  9.35016035e-18]
[   42.1s] INTERCEPT CHECK (single arbitrary ordering, a real test): [-3.20560571e-18  2.40420429e-18] se [0.01926042 0.02098944]
[   42.1s] shuffle null: permuting P across persons WITHIN each room, characters left in place ...
[   42.1s]    shuffled W:
[[-0.0079 -0.0312]
 [ 0.0197  0.0007]]
[   42.1s]    shuffled in sample rmse=1.4115 r2=0.0007  (real r2=0.0607)
[   42.1s] room grouped CV, K=5, WITH person leakage (diagnostic) ...
[   42.6s]    leaky K=5: pooled held out rmse=1.3597 r2=0.0557 | invariant but nonlinear g: r2=0.0608 (kept 100.0% of held out pair mass, 9,584 ordered pairs)
[   42.6s]       halves >=5 persons: 48 splits, 18,600 pairs | room specific W r2=+0.0189  pooled W r2=+0.0632  | best blend a=0.2 r2=+0.0652
[   42.6s]          blend(linear pooled, room) r2 by a: 0.0:+0.0632 0.1:+0.0648 0.2:+0.0652 0.3:+0.0641 0.4:+0.0617 0.5:+0.0580 0.6:+0.0529 0.7:+0.0464 0.8:+0.0386 0.9:+0.0294 1.0:+0.0189
[   42.6s]          blend(CURVED pooled, room) r2 by a: 0.0:+0.0677 0.1:+0.0701 0.2:+0.0708 0.3:+0.0700 0.4:+0.0675 0.5:+0.0634 0.6:+0.0577 0.7:+0.0504 0.8:+0.0415 0.9:+0.0310 1.0:+0.0189
[   42.6s]          -> curved invariant alone r2=+0.0677; best with room term a=0.2 r2=+0.0708
[   42.6s]       halves >=10 persons: 48 splits, 18,600 pairs | room specific W r2=-0.0061  pooled W r2=+0.0530  | best blend a=0.2 r2=+0.0583
[   42.6s]          blend(linear pooled, room) r2 by a: 0.0:+0.0530 0.1:+0.0567 0.2:+0.0583 0.3:+0.0577 0.4:+0.0550 0.5:+0.0502 0.6:+0.0432 0.7:+0.0341 0.8:+0.0228 0.9:+0.0094 1.0:-0.0061
[   42.6s]          blend(CURVED pooled, room) r2 by a: 0.0:+0.0533 0.1:+0.0580 0.2:+0.0603 0.3:+0.0603 0.4:+0.0579 0.5:+0.0532 0.6:+0.0460 0.7:+0.0366 0.8:+0.0247 0.9:+0.0105 1.0:-0.0061
[   42.6s]          -> curved invariant alone r2=+0.0533; best with room term a=0.2 r2=+0.0603
[   42.6s]       halves >=20 persons: 46 splits, 18,400 pairs | room specific W r2=+0.0081  pooled W r2=+0.0584  | best blend a=0.1 r2=+0.0598
[   42.6s]          blend(linear pooled, room) r2 by a: 0.0:+0.0584 0.1:+0.0598 0.2:+0.0597 0.3:+0.0582 0.4:+0.0553 0.5:+0.0510 0.6:+0.0452 0.7:+0.0381 0.8:+0.0295 0.9:+0.0195 1.0:+0.0081
[   42.6s]          blend(CURVED pooled, room) r2 by a: 0.0:+0.0617 0.1:+0.0639 0.2:+0.0645 0.3:+0.0634 0.4:+0.0605 0.5:+0.0560 0.6:+0.0498 0.7:+0.0420 0.8:+0.0324 0.9:+0.0211 1.0:+0.0081
[   42.6s]          -> curved invariant alone r2=+0.0617; best with room term a=0.2 r2=+0.0645
[   42.6s]       halves >=40 persons: 34 splits, 13,600 pairs | room specific W r2=+0.0484  pooled W r2=+0.0688  | best blend a=0.3 r2=+0.0750
[   42.6s]          blend(linear pooled, room) r2 by a: 0.0:+0.0688 0.1:+0.0720 0.2:+0.0741 0.3:+0.0750 0.4:+0.0747 0.5:+0.0732 0.6:+0.0706 0.7:+0.0668 0.8:+0.0618 0.9:+0.0557 1.0:+0.0484
[   42.6s]          blend(CURVED pooled, room) r2 by a: 0.0:+0.0690 0.1:+0.0733 0.2:+0.0761 0.3:+0.0776 0.4:+0.0777 0.5:+0.0763 0.6:+0.0735 0.7:+0.0694 0.8:+0.0638 0.9:+0.0568 1.0:+0.0484
[   42.6s]          -> curved invariant alone r2=+0.0690; best with room term a=0.4 r2=+0.0777
[   42.6s]       halves >=60 persons: 24 splits, 9,600 pairs | room specific W r2=+0.0486  pooled W r2=+0.0626  | best blend a=0.4 r2=+0.0688
[   42.6s]          blend(linear pooled, room) r2 by a: 0.0:+0.0626 0.1:+0.0657 0.2:+0.0677 0.3:+0.0687 0.4:+0.0688 0.5:+0.0679 0.6:+0.0660 0.7:+0.0631 0.8:+0.0592 0.9:+0.0544 1.0:+0.0486
[   42.6s]          blend(CURVED pooled, room) r2 by a: 0.0:+0.0676 0.1:+0.0714 0.2:+0.0739 0.3:+0.0751 0.4:+0.0751 0.5:+0.0738 0.6:+0.0713 0.7:+0.0675 0.8:+0.0624 0.9:+0.0561 1.0:+0.0486
[   42.6s]          -> curved invariant alone r2=+0.0676; best with room term a=0.3 r2=+0.0751
[   42.6s]       halves >=80 persons: 18 splits, 7,200 pairs | room specific W r2=+0.0185  pooled W r2=+0.0209  | best blend a=0.5 r2=+0.0329
[   42.6s]          blend(linear pooled, room) r2 by a: 0.0:+0.0209 0.1:+0.0254 0.2:+0.0288 0.3:+0.0312 0.4:+0.0326 0.5:+0.0329 0.6:+0.0321 0.7:+0.0303 0.8:+0.0274 0.9:+0.0235 1.0:+0.0185
[   42.6s]          blend(CURVED pooled, room) r2 by a: 0.0:+0.0179 0.1:+0.0238 0.2:+0.0283 0.3:+0.0316 0.4:+0.0336 0.5:+0.0343 0.6:+0.0337 0.7:+0.0318 0.8:+0.0287 0.9:+0.0242 1.0:+0.0185
[   42.6s]          -> curved invariant alone r2=+0.0179; best with room term a=0.5 r2=+0.0343
[   42.6s] room grouped CV, K=5, person leakage REMOVED ...
[   42.8s]    clean K=5: pooled held out rmse=1.2269 r2=-0.0867 | invariant but nonlinear g: r2=-0.0995 (kept 22.3% of held out pair mass, 2,482 ordered pairs)
[   42.8s]       halves >=5 persons: 14 splits, 2,646 pairs | room specific W r2=-0.1612  pooled W r2=+0.1027  | best blend a=0.1 r2=+0.1076
[   42.8s]          blend(linear pooled, room) r2 by a: 0.0:+0.1027 0.1:+0.1076 0.2:+0.1056 0.3:+0.0967 0.4:+0.0807 0.5:+0.0578 0.6:+0.0280 0.7:-0.0089 0.8:-0.0527 0.9:-0.1035 1.0:-0.1612
[   42.8s]          blend(CURVED pooled, room) r2 by a: 0.0:+0.1244 0.1:+0.1286 0.2:+0.1255 0.3:+0.1151 0.4:+0.0975 0.5:+0.0725 0.6:+0.0403 0.7:+0.0009 0.8:-0.0459 0.9:-0.0999 1.0:-0.1612
[   42.8s]          -> curved invariant alone r2=+0.1244; best with room term a=0.1 r2=+0.1286
[   42.8s]       halves >=10 persons: 8 splits, 2,398 pairs | room specific W r2=+0.0605  pooled W r2=+0.0687  | best blend a=0.5 r2=+0.0910
[   42.8s]          blend(linear pooled, room) r2 by a: 0.0:+0.0687 0.1:+0.0774 0.2:+0.0840 0.3:+0.0884 0.4:+0.0908 0.5:+0.0910 0.6:+0.0891 0.7:+0.0851 0.8:+0.0790 0.9:+0.0708 1.0:+0.0605
[   42.8s]          blend(CURVED pooled, room) r2 by a: 0.0:+0.0497 0.1:+0.0634 0.2:+0.0743 0.3:+0.0823 0.4:+0.0876 0.5:+0.0901 0.6:+0.0897 0.7:+0.0866 0.8:+0.0807 0.9:+0.0720 1.0:+0.0605
[   42.8s]          -> curved invariant alone r2=+0.0497; best with room term a=0.5 r2=+0.0901
[   42.8s]       halves >=20 persons: 4 splits, 1,600 pairs | room specific W r2=-0.0442  pooled W r2=+0.0230  | best blend a=0.1 r2=+0.0247
[   42.8s]          blend(linear pooled, room) r2 by a: 0.0:+0.0230 0.1:+0.0247 0.2:+0.0245 0.3:+0.0225 0.4:+0.0185 0.5:+0.0128 0.6:+0.0051 0.7:-0.0044 0.8:-0.0158 0.9:-0.0291 1.0:-0.0442
[   42.8s]          blend(CURVED pooled, room) r2 by a: 0.0:+0.0148 0.1:+0.0176 0.2:+0.0184 0.3:+0.0173 0.4:+0.0142 0.5:+0.0093 0.6:+0.0024 0.7:-0.0064 0.8:-0.0170 0.9:-0.0297 1.0:-0.0442
[   42.8s]          -> curved invariant alone r2=+0.0148; best with room term a=0.2 r2=+0.0184
[   42.8s]       halves >=40 persons: 2 splits, 800 pairs | room specific W r2=+0.0479  pooled W r2=+0.0359  | best blend a=0.7 r2=+0.0500
[   42.8s]          blend(linear pooled, room) r2 by a: 0.0:+0.0359 0.1:+0.0395 0.2:+0.0426 0.3:+0.0452 0.4:+0.0472 0.5:+0.0486 0.6:+0.0496 0.7:+0.0500 0.8:+0.0498 0.9:+0.0491 1.0:+0.0479
[   42.8s]          blend(CURVED pooled, room) r2 by a: 0.0:+0.0352 0.1:+0.0401 0.2:+0.0443 0.3:+0.0476 0.4:+0.0501 0.5:+0.0518 0.6:+0.0526 0.7:+0.0527 0.8:+0.0519 0.9:+0.0503 1.0:+0.0479
[   42.8s]          -> curved invariant alone r2=+0.0352; best with room term a=0.7 r2=+0.0527
[   42.8s] room grouped CV, K=2 (50/50 rooms) x 5 repeats, person leakage REMOVED ...
[   43.7s]    clean K=2 x5: pooled held out rmse=1.4278 r2=0.0517 | invariant but nonlinear g: r2=0.0605 (kept 69.0% of held out pair mass, 34,730 ordered pairs)
[   43.7s]       halves >=5 persons: 196 splits, 49,934 pairs | room specific W r2=-0.1741  pooled W r2=+0.0443  | best blend a=0.1 r2=+0.0475
[   43.7s]          blend(linear pooled, room) r2 by a: 0.0:+0.0443 0.1:+0.0475 0.2:+0.0450 0.3:+0.0371 0.4:+0.0235 0.5:+0.0045 0.6:-0.0201 0.7:-0.0503 0.8:-0.0860 0.9:-0.1273 1.0:-0.1741
[   43.7s]          blend(CURVED pooled, room) r2 by a: 0.0:+0.0520 0.1:+0.0554 0.2:+0.0530 0.3:+0.0449 0.4:+0.0309 0.5:+0.0112 0.6:-0.0143 0.7:-0.0456 0.8:-0.0827 0.9:-0.1255 1.0:-0.1741
[   43.7s]          -> curved invariant alone r2=+0.0520; best with room term a=0.1 r2=+0.0554
[   43.7s]       halves >=10 persons: 148 splits, 47,858 pairs | room specific W r2=-0.0972  pooled W r2=+0.0291  | best blend a=0.2 r2=+0.0392
[   43.7s]          blend(linear pooled, room) r2 by a: 0.0:+0.0291 0.1:+0.0363 0.2:+0.0392 0.3:+0.0376 0.4:+0.0317 0.5:+0.0212 0.6:+0.0064 0.7:-0.0128 0.8:-0.0365 0.9:-0.0646 1.0:-0.0972
[   43.7s]          blend(CURVED pooled, room) r2 by a: 0.0:+0.0326 0.1:+0.0407 0.2:+0.0440 0.3:+0.0427 0.4:+0.0368 0.5:+0.0261 0.6:+0.0108 0.7:-0.0092 0.8:-0.0338 0.9:-0.0632 1.0:-0.0972
[   43.7s]          -> curved invariant alone r2=+0.0326; best with room term a=0.2 r2=+0.0440
[   43.7s]       halves >=20 persons: 92 splits, 36,780 pairs | room specific W r2=-0.0886  pooled W r2=+0.0299  | best blend a=0.1 r2=+0.0321
[   43.7s]          blend(linear pooled, room) r2 by a: 0.0:+0.0299 0.1:+0.0321 0.2:+0.0312 0.3:+0.0272 0.4:+0.0201 0.5:+0.0098 0.6:-0.0036 0.7:-0.0202 0.8:-0.0399 0.9:-0.0627 1.0:-0.0886
[   43.7s]          blend(CURVED pooled, room) r2 by a: 0.0:+0.0247 0.1:+0.0285 0.2:+0.0290 0.3:+0.0261 0.4:+0.0198 0.5:+0.0101 0.6:-0.0029 0.7:-0.0193 0.8:-0.0390 0.9:-0.0621 1.0:-0.0886
[   43.7s]          -> curved invariant alone r2=+0.0247; best with room term a=0.2 r2=+0.0290
[   43.7s]       halves >=40 persons: 32 splits, 12,800 pairs | room specific W r2=+0.0077  pooled W r2=+0.0384  | best blend a=0.3 r2=+0.0426
[   43.7s]          blend(linear pooled, room) r2 by a: 0.0:+0.0384 0.1:+0.0410 0.2:+0.0424 0.3:+0.0426 0.4:+0.0414 0.5:+0.0390 0.6:+0.0353 0.7:+0.0303 0.8:+0.0241 0.9:+0.0165 1.0:+0.0077
[   43.7s]          blend(CURVED pooled, room) r2 by a: 0.0:+0.0365 0.1:+0.0406 0.2:+0.0431 0.3:+0.0441 0.4:+0.0435 0.5:+0.0414 0.6:+0.0378 0.7:+0.0326 0.8:+0.0259 0.9:+0.0176 1.0:+0.0077
[   43.7s]          -> curved invariant alone r2=+0.0365; best with room term a=0.3 r2=+0.0441
[   43.7s]       halves >=60 persons: 12 splits, 4,800 pairs | room specific W r2=+0.0689  pooled W r2=+0.0673  | best blend a=0.5 r2=+0.0794
[   43.7s]          blend(linear pooled, room) r2 by a: 0.0:+0.0673 0.1:+0.0715 0.2:+0.0749 0.3:+0.0773 0.4:+0.0788 0.5:+0.0794 0.6:+0.0792 0.7:+0.0779 0.8:+0.0758 0.9:+0.0728 1.0:+0.0689
[   43.7s]          blend(CURVED pooled, room) r2 by a: 0.0:+0.0580 0.1:+0.0639 0.2:+0.0687 0.3:+0.0725 0.4:+0.0752 0.5:+0.0768 0.6:+0.0774 0.7:+0.0768 0.8:+0.0752 0.9:+0.0726 1.0:+0.0689
[   43.7s]          -> curved invariant alone r2=+0.0580; best with room term a=0.6 r2=+0.0774
[   43.7s]       halves >=80 persons: 6 splits, 2,400 pairs | room specific W r2=+0.0561  pooled W r2=+0.0651  | best blend a=0.4 r2=+0.0753
[   43.7s]          blend(linear pooled, room) r2 by a: 0.0:+0.0651 0.1:+0.0693 0.2:+0.0725 0.3:+0.0744 0.4:+0.0753 0.5:+0.0749 0.6:+0.0735 0.7:+0.0709 0.8:+0.0671 0.9:+0.0622 1.0:+0.0561
[   43.7s]          blend(CURVED pooled, room) r2 by a: 0.0:+0.0601 0.1:+0.0654 0.2:+0.0696 0.3:+0.0724 0.4:+0.0739 0.5:+0.0741 0.6:+0.0731 0.7:+0.0708 0.8:+0.0672 0.9:+0.0623 1.0:+0.0561
[   43.7s]          -> curved invariant alone r2=+0.0601; best with room term a=0.5 r2=+0.0741
[   43.7s] per room W panel + PERMUTATION heterogeneity null (rooms >=60 persons, capped at 200) ...
[   43.7s]    panel rooms=20  persons in panel=2,981
[   43.7s]    usable panel rooms=20
[   44.7s]    wild bootstrap draws=200  (pooled panel W=
[[ 0.0783  0.2695]
 [ 0.0374 -0.1571]])
[   45.6s]    per room reliability lambda: plasticity mean=0.304 sd=0.116; stability mean=0.289 sd=0.091
[   45.6s]    dPlasticity->dMatterManner     rooms=   20 meanW=+0.0718 sd(obs)=0.1254 sd(wild null)=0.1102 p=0.1940 excess tau=0.0600 | reliability controlled: sd=1.0343 vs null 0.6652 p=0.0547 tau=0.7921
[   45.6s]    dPlasticity->dOriginality      rooms=   20 meanW=+0.2785 sd(obs)=0.1705 sd(wild null)=0.1167 p=0.0100 excess tau=0.1243 | reliability controlled: sd=2.0653 vs null 1.4696 p=0.1244 tau=1.4511
[   45.6s]    dStability->dMatterManner      rooms=   20 meanW=+0.0504 sd(obs)=0.1035 sd(wild null)=0.1067 p=0.5224 excess tau=0.0000 | reliability controlled: sd=0.4632 vs null 0.4489 p=0.4030 tau=0.1140
[   45.6s]    dStability->dOriginality       rooms=   20 meanW=-0.1645 sd(obs)=0.1283 sd(wild null)=0.1114 p=0.1990 excess tau=0.0636 | reliability controlled: sd=0.5041 vs null 0.5361 p=0.5622 tau=0.0000
[   45.6s]    corr(log mean rows per person in room, W_r[dPlasticity->dMatterManner]) = +0.065
[   45.6s]    corr(log mean rows per person in room, W_r[dPlasticity->dOriginality]) = -0.001
[   45.6s]    corr(log mean rows per person in room, W_r[dStability->dMatterManner]) = -0.259
[   45.6s]    corr(log mean rows per person in room, W_r[dStability->dOriginality]) = -0.068
[   45.6s] reliability of person room P and disattenuated W ...
[   45.6s]    observed cov(dP)=
[[ 2.0281 -0.0215]
 [-0.0215  2.053 ]]
[   45.6s]    error    cov(dP)=
[[1.3609 0.126 ]
 [0.126  1.3954]]
[   45.6s]    reliability lambda: plasticity=0.329 stability=0.320
[   45.6s]    disattenuated W=
[[ 0.2901  0.7454]
 [ 0.2959 -0.4042]]
[   45.6s] within room (differencing) against between room (room mean) slopes ...
[   45.6s]    naive pooled LEVEL slope (no room term)=
[[ 0.0693  0.271 ]
 [ 0.0844 -0.1447]]
[   45.6s]    BETWEEN room slope (room means)=
[[0.1427 0.4161]
 [0.6913 0.1026]]
[   45.6s]    WITHIN room slope (this test)=
[[ 0.0747  0.2727]
 [ 0.0747 -0.1802]]
[   45.6s] exact room centred fit (all persons, no pair cap) as a cross check on the pair sampling ...
[   45.7s]    exact within room W=
[[ 0.0934  0.2701]
 [ 0.0362 -0.1585]]
[   45.7s] circularity check: P read ONLY from the person's OTHER rooms, C from this room ...
[   45.7s]    leave room out records=4,031 in 24 rooms
[   45.7s]    leave room out W=
[[ 0.0923  0.1547]
 [-0.0204 -0.0693]]
[   45.7s]    POWER dPlasticity->dMatterManner: sampling sd=0.1102  min detectable tau=0.1151  observed excess=0.0600  (to halve the floor: 648 persons per room at 20 rooms, or 320 rooms at 162 persons)
[   45.7s]    POWER dPlasticity->dOriginality: sampling sd=0.1167  min detectable tau=0.1194  observed excess=0.1243  (to halve the floor: 648 persons per room at 20 rooms, or 320 rooms at 162 persons)
[   45.7s]    POWER dStability->dMatterManner: sampling sd=0.1067  min detectable tau=0.1144  observed excess=0.0000  (to halve the floor: 648 persons per room at 20 rooms, or 320 rooms at 162 persons)
[   45.7s]    POWER dStability->dOriginality: sampling sd=0.1114  min detectable tau=0.1179  observed excess=0.0636  (to halve the floor: 648 persons per room at 20 rooms, or 320 rooms at 162 persons)
[   45.7s] wrote internal_store/exp_diff_invariance_rep/panel_news_sweep.json
[   45.7s] done
SWEEPDONE
